Archive member included to satisfy reference by file (symbol)

C:\Users\Vitor\Documents\Atmel Studio\7.0\ArduinoSketch4\ArduinoSketch4\ArduinoCore\Debug\libArduinoCore.a(HardwareSerial.o)
                              Sketch.o (_ZN14HardwareSerial5beginEmh)
C:\Users\Vitor\Documents\Atmel Studio\7.0\ArduinoSketch4\ArduinoSketch4\ArduinoCore\Debug\libArduinoCore.a(HardwareSerial0.o)
                              Sketch.o (Serial)
C:\Users\Vitor\Documents\Atmel Studio\7.0\ArduinoSketch4\ArduinoSketch4\ArduinoCore\Debug\libArduinoCore.a(main.o)
                              C:/Program Files (x86)/Atmel/Studio/7.0/Packs/Atmel/ATmega_DFP/1.2.272/gcc/dev/atmega2560/avr6/crtatmega2560.o (main)
C:\Users\Vitor\Documents\Atmel Studio\7.0\ArduinoSketch4\ArduinoSketch4\ArduinoCore\Debug\libArduinoCore.a(new.o)
                              Sketch.o (_Znwj)
C:\Users\Vitor\Documents\Atmel Studio\7.0\ArduinoSketch4\ArduinoSketch4\ArduinoCore\Debug\libArduinoCore.a(Print.o)
                              C:\Users\Vitor\Documents\Atmel Studio\7.0\ArduinoSketch4\ArduinoSketch4\ArduinoCore\Debug\libArduinoCore.a(HardwareSerial.o) (_ZN5Print5writeEPKhj)
C:\Users\Vitor\Documents\Atmel Studio\7.0\ArduinoSketch4\ArduinoSketch4\ArduinoCore\Debug\libArduinoCore.a(wiring.o)
                              Sketch.o (delay)
C:\Users\Vitor\Documents\Atmel Studio\7.0\ArduinoSketch4\ArduinoSketch4\ArduinoCore\Debug\libArduinoCore.a(Adafruit_SSD1306.o)
                              Sketch.o (_ZN16Adafruit_SSD130612clearDisplayEv)
C:\Users\Vitor\Documents\Atmel Studio\7.0\ArduinoSketch4\ArduinoSketch4\ArduinoCore\Debug\libArduinoCore.a(red_beryl.o)
                              Sketch.o (_ZN9red_beryl8upperBarEv)
C:\Users\Vitor\Documents\Atmel Studio\7.0\ArduinoSketch4\ArduinoSketch4\ArduinoCore\Debug\libArduinoCore.a(red_crystal.o)
                              C:\Users\Vitor\Documents\Atmel Studio\7.0\ArduinoSketch4\ArduinoSketch4\ArduinoCore\Debug\libArduinoCore.a(red_beryl.o) (_ZN11red_crystalC1Ev)
C:\Users\Vitor\Documents\Atmel Studio\7.0\ArduinoSketch4\ArduinoSketch4\ArduinoCore\Debug\libArduinoCore.a(red_fang.o)
                              Sketch.o (_ZN8red_fangC1Ev)
C:\Users\Vitor\Documents\Atmel Studio\7.0\ArduinoSketch4\ArduinoSketch4\ArduinoCore\Debug\libArduinoCore.a(red_quartz.o)
                              C:\Users\Vitor\Documents\Atmel Studio\7.0\ArduinoSketch4\ArduinoSketch4\ArduinoCore\Debug\libArduinoCore.a(red_beryl.o) (_ZN10red_quartzC1Ev)
C:\Users\Vitor\Documents\Atmel Studio\7.0\ArduinoSketch4\ArduinoSketch4\ArduinoCore\Debug\libArduinoCore.a(SPI.o)
                              C:\Users\Vitor\Documents\Atmel Studio\7.0\ArduinoSketch4\ArduinoSketch4\ArduinoCore\Debug\libArduinoCore.a(Adafruit_SSD1306.o) (_ZN8SPIClass5beginEv)
C:\Users\Vitor\Documents\Atmel Studio\7.0\ArduinoSketch4\ArduinoSketch4\ArduinoCore\Debug\libArduinoCore.a(Wire.o)
                              C:\Users\Vitor\Documents\Atmel Studio\7.0\ArduinoSketch4\ArduinoSketch4\ArduinoCore\Debug\libArduinoCore.a(red_beryl.o) (_ZN7TwoWire9availableEv)
C:\Users\Vitor\Documents\Atmel Studio\7.0\ArduinoSketch4\ArduinoSketch4\ArduinoCore\Debug\libArduinoCore.a(abi.o)
                              C:\Users\Vitor\Documents\Atmel Studio\7.0\ArduinoSketch4\ArduinoSketch4\ArduinoCore\Debug\libArduinoCore.a(Print.o) (__cxa_pure_virtual)
C:\Users\Vitor\Documents\Atmel Studio\7.0\ArduinoSketch4\ArduinoSketch4\ArduinoCore\Debug\libArduinoCore.a(HardwareSerial1.o)
                              C:\Users\Vitor\Documents\Atmel Studio\7.0\ArduinoSketch4\ArduinoSketch4\ArduinoCore\Debug\libArduinoCore.a(red_beryl.o) (Serial1)
C:\Users\Vitor\Documents\Atmel Studio\7.0\ArduinoSketch4\ArduinoSketch4\ArduinoCore\Debug\libArduinoCore.a(hooks.o)
                              C:\Users\Vitor\Documents\Atmel Studio\7.0\ArduinoSketch4\ArduinoSketch4\ArduinoCore\Debug\libArduinoCore.a(wiring.o) (yield)
C:\Users\Vitor\Documents\Atmel Studio\7.0\ArduinoSketch4\ArduinoSketch4\ArduinoCore\Debug\libArduinoCore.a(wiring_analog.o)
                              C:\Users\Vitor\Documents\Atmel Studio\7.0\ArduinoSketch4\ArduinoSketch4\ArduinoCore\Debug\libArduinoCore.a(red_beryl.o) (analogRead)
C:\Users\Vitor\Documents\Atmel Studio\7.0\ArduinoSketch4\ArduinoSketch4\ArduinoCore\Debug\libArduinoCore.a(wiring_digital.o)
                              C:\Users\Vitor\Documents\Atmel Studio\7.0\ArduinoSketch4\ArduinoSketch4\ArduinoCore\Debug\libArduinoCore.a(Adafruit_SSD1306.o) (pinMode)
C:\Users\Vitor\Documents\Atmel Studio\7.0\ArduinoSketch4\ArduinoSketch4\ArduinoCore\Debug\libArduinoCore.a(WMath.o)
                              C:\Users\Vitor\Documents\Atmel Studio\7.0\ArduinoSketch4\ArduinoSketch4\ArduinoCore\Debug\libArduinoCore.a(red_beryl.o) (_Z3maplllll)
C:\Users\Vitor\Documents\Atmel Studio\7.0\ArduinoSketch4\ArduinoSketch4\ArduinoCore\Debug\libArduinoCore.a(Adafruit_GFX.o)
[...]
Memory Configuration

Name             Origin             Length             Attributes
text             0x00000000         0x00100000         xr
data             0x00800200         0x0000fe00         rw !x
eeprom           0x00810000         0x00010000         rw !x
fuse             0x00820000         0x00000003         rw !x
lock             0x00830000         0x00000400         rw !x
signature        0x00840000         0x00000400         rw !x
user_signatures  0x00850000         0x00000400         rw !x
*default*        0x00000000         0xffffffff

Linker script and memory map

Address of section .data set to 0x800200
LOAD C:/Program Files (x86)/Atmel/Studio/7.0/Packs/Atmel/ATmega_DFP/1.2.272/gcc/dev/atmega2560/avr6/crtatmega2560.o
LOAD Sketch.o
START GROUP
LOAD C:\Users\Vitor\Documents\Atmel Studio\7.0\ArduinoSketch4\ArduinoSketch4\ArduinoCore\Debug\libArduinoCore.a
LOAD c:/program files (x86)/atmel/studio/7.0/toolchain/avr8/avr8-gnu-toolchain/bin/../lib/gcc/avr/5.4.0/../../../../avr/lib/avr6\libm.a
LOAD C:\Users\Vitor\Documents\Atmel Studio\7.0\ArduinoSketch4\ArduinoSketch4\ArduinoCore\Debug\libArduinoCore.a
END GROUP
LOAD c:/program files (x86)/atmel/studio/7.0/toolchain/avr8/avr8-gnu-toolchain/bin/../lib/gcc/avr/5.4.0/avr6\libgcc.a
LOAD c:/program files (x86)/atmel/studio/7.0/toolchain/avr8/avr8-gnu-toolchain/bin/../lib/gcc/avr/5.4.0/../../../../avr/lib/avr6\libm.a
START GROUP
LOAD c:/program files (x86)/atmel/studio/7.0/toolchain/avr8/avr8-gnu-toolchain/bin/../lib/gcc/avr/5.4.0/avr6\libgcc.a
LOAD c:/program files (x86)/atmel/studio/7.0/toolchain/avr8/avr8-gnu-toolchain/bin/../lib/gcc/avr/5.4.0/../../../../avr/lib/avr6\libm.a
LOAD c:/program files (x86)/atmel/studio/7.0/toolchain/avr8/avr8-gnu-toolchain/bin/../lib/gcc/avr/5.4.0/../../../../avr/lib/avr6\libc.a
LOAD C:/Program Files (x86)/Atmel/Studio/7.0/Packs/Atmel/ATmega_DFP/1.2.272/gcc/dev/atmega2560/avr6\libatmega2560.a
END GROUP
                0x00100000                __TEXT_REGION_LENGTH__ = DEFINED (__TEXT_REGION_LENGTH__)?__TEXT_REGION_LENGTH__:0x100000
                0x0000fe00                __DATA_REGION_LENGTH__ = DEFINED (__DATA_REGION_LENGTH__)?__DATA_REGION_LENGTH__:0xfe00
                0x00010000                __EEPROM_REGION_LENGTH__ = DEFINED (__EEPROM_REGION_LENGTH__)?__EEPROM_REGION_LENGTH__:0x10000
                [0x00000003]                __FUSE_REGION_LENGTH__ = DEFINED (__FUSE_REGION_LENGTH__)?__FUSE_REGION_LENGTH__:0x400
                0x00000400                __LOCK_REGION_LENGTH__ = DEFINED (__LOCK_REGION_LENGTH__)?__LOCK_REGION_LENGTH__:0x400
                0x00000400                __SIGNATURE_REGION_LENGTH__ = DEFINED (__SIGNATURE_REGION_LENGTH__)?__SIGNATURE_REGION_LENGTH__:0x400
                0x00000400                __USER_SIGNATURE_REGION_LENGTH__ = DEFINED (__USER_SIGNATURE_REGION_LENGTH__)?__USER_SIGNATURE_REGION_LENGTH__:0x400

.hash
 *(.hash)

.dynsym
 *(.dynsym)

.dynstr
 *(.dynstr)

.gnu.version
 *(.gnu.version)

.gnu.version_d
 *(.gnu.version_d)

.gnu.version_r
 *(.gnu.version_r)

.rel.init
 *(.rel.init)

.rela.init
 *(.rela.init)

.rel.text
 *(.rel.text)
 *(.rel.text.*)
 *(.rel.gnu.linkonce.t*)

.rela.text
 *(.rela.text)
 *(.rela.text.*)
 *(.rela.gnu.linkonce.t*)

.rel.fini
 *(.rel.fini)

.rela.fini
 *(.rela.fini)

.rel.rodata
 *(.rel.rodata)
 *(.rel.rodata.*)
 *(.rel.gnu.linkonce.r*)

.rela.rodata
 *(.rela.rodata)
 *(.rela.rodata.*)
 *(.rela.gnu.linkonce.r*)

.rel.data
 *(.rel.data)
 *(.rel.data.*)
 *(.rel.gnu.linkonce.d*)

.rela.data
 *(.rela.data)
 *(.rela.data.*)
 *(.rela.gnu.linkonce.d*)

.rel.ctors
 *(.rel.ctors)

.rela.ctors
 *(.rela.ctors)

.rel.dtors
 *(.rel.dtors)

.rela.dtors
 *(.rela.dtors)

.rel.got
 *(.rel.got)

.rela.got
 *(.rela.got)

.rel.bss
 *(.rel.bss)

.rela.bss
 *(.rela.bss)

.rel.plt
 *(.rel.plt)

.rela.plt
 *(.rela.plt)

.text           0x00000000     0xcdbc
 *(.vectors)
 .vectors       0x00000000       0xe4 C:/Program Files (x86)/Atmel/Studio/7.0/Packs/Atmel/ATmega_DFP/1.2.272/gcc/dev/atmega2560/avr6/crtatmega2560.o
                0x00000000                __vector_default
                0x00000000                __vectors
 *(.vectors)
 *(.progmem.gcc*)
 .progmem.gcc_sw_table.turnOffPWM
                0x000000e4       0x24 C:\Users\Vitor\Documents\Atmel Studio\7.0\ArduinoSketch4\ArduinoSketch4\ArduinoCore\Debug\libArduinoCore.a(wiring_digital.o)
 .progmem.gcc_fplib
                0x00000108       0x2d c:/program files (x86)/atmel/studio/7.0/toolchain/avr8/avr8-gnu-toolchain/bin/../lib/gcc/avr/5.4.0/../../../../avr/lib/avr6\libm.a(atan.o)
 .progmem.gcc_fplib
                0x00000135       0x1e c:/program files (x86)/atmel/studio/7.0/toolchain/avr8/avr8-gnu-toolchain/bin/../lib/gcc/avr/5.4.0/../../../../avr/lib/avr6\libm.a(fp_sinus.o)
                0x00000154                . = ALIGN (0x2)
 *fill*         0x00000153        0x1 
                0x00000154                __trampolines_start = .
 *(.trampolines)
 .trampolines   0x00000154        0x0 linker stubs
 *(.trampolines*)
                0x00000154                __trampolines_end = .
 *libprintf_flt.a:*(.progmem.data)
 *libc.a:*(.progmem.data)
 .progmem.data  0x00000154       0xfa c:/program files (x86)/atmel/studio/7.0/toolchain/avr8/avr8-gnu-toolchain/bin/../lib/gcc/avr/5.4.0/../../../../avr/lib/avr6\libc.a(ftoa_engine.o)
 *(.progmem*)
 .progmem.data._ZL7BT2_bmp
                0x0000024e        0x8 C:\Users\Vitor\Documents\Atmel Studio\7.0\ArduinoSketch4\ArduinoSketch4\ArduinoCore\Debug\libArduinoCore.a(red_beryl.o)
 .progmem.data._ZL12bat_6x16_bmp
                0x00000256       0x10 C:\Users\Vitor\Documents\Atmel Studio\7.0\ArduinoSketch4\ArduinoSketch4\ArduinoCore\Debug\libArduinoCore.a(red_beryl.o)
 .progmem.data.digital_pin_to_timer_PGM
                0x00000266       0x46 C:\Users\Vitor\Documents\Atmel Studio\7.0\ArduinoSketch4\ArduinoSketch4\ArduinoCore\Debug\libArduinoCore.a(wiring_digital.o)
                0x00000266                digital_pin_to_timer_PGM
 .progmem.data.digital_pin_to_bit_mask_PGM
                0x000002ac       0x46 C:\Users\Vitor\Documents\Atmel Studio\7.0\ArduinoSketch4\ArduinoSketch4\ArduinoCore\Debug\libArduinoCore.a(wiring_digital.o)
                0x000002ac                digital_pin_to_bit_mask_PGM
 .progmem.data.digital_pin_to_port_PGM
                0x000002f2       0x46 C:\Users\Vitor\Documents\Atmel Studio\7.0\ArduinoSketch4\ArduinoSketch4\ArduinoCore\Debug\libArduinoCore.a(wiring_digital.o)
                0x000002f2                digital_pin_to_port_PGM
 .progmem.data.port_to_input_PGM
                0x00000338       0x1a C:\Users\Vitor\Documents\Atmel Studio\7.0\ArduinoSketch4\ArduinoSketch4\ArduinoCore\Debug\libArduinoCore.a(wiring_digital.o)
                0x00000338                port_to_input_PGM
 .progmem.data.port_to_output_PGM
                0x00000352       0x1a C:\Users\Vitor\Documents\Atmel Studio\7.0\ArduinoSketch4\ArduinoSketch4\ArduinoCore\Debug\libArduinoCore.a(wiring_digital.o)
                0x00000352                port_to_output_PGM
 .progmem.data.port_to_mode_PGM
                0x0000036c       0x1a C:\Users\Vitor\Documents\Atmel Studio\7.0\ArduinoSketch4\ArduinoSketch4\ArduinoCore\Debug\libArduinoCore.a(wiring_digital.o)
                0x0000036c                port_to_mode_PGM
 .progmem.data._ZL4font
                0x00000386      0x500 C:\Users\Vitor\Documents\Atmel Studio\7.0\ArduinoSketch4\ArduinoSketch4\ArduinoCore\Debug\libArduinoCore.a(Adafruit_GFX.o)
                0x00000886                . = ALIGN (0x2)
 *(.jumptables)
 *(.jumptables*)
 *(.lowtext)
 *(.lowtext*)
                0x00000886                __ctors_start = .
 *(.ctors)
 .ctors         0x00000886        0x2 Sketch.o
 .ctors         0x00000888        0x2 C:\Users\Vitor\Documents\Atmel Studio\7.0\ArduinoSketch4\ArduinoSketch4\ArduinoCore\Debug\libArduinoCore.a(HardwareSerial0.o)
 .ctors         0x0000088a        0x2 C:\Users\Vitor\Documents\Atmel Studio\7.0\ArduinoSketch4\ArduinoSketch4\ArduinoCore\Debug\libArduinoCore.a(Wire.o)
 .ctors         0x0000088c        0x2 C:\Users\Vitor\Documents\Atmel Studio\7.0\ArduinoSketch4\ArduinoSketch4\ArduinoCore\Debug\libArduinoCore.a(HardwareSerial1.o)
                0x0000088e                __ctors_end = .
                0x0000088e                __dtors_start = .
 *(.dtors)
                0x0000088e                __dtors_end = .
 SORT(*)(.ctors)
 SORT(*)(.dtors)
 *(.init0)
 .init0         0x0000088e        0x0 C:/Program Files (x86)/Atmel/Studio/7.0/Packs/Atmel/ATmega_DFP/1.2.272/gcc/dev/atmega2560/avr6/crtatmega2560.o
                0x0000088e                __init
 *(.init0)
 *(.init1)
 *(.init1)
 *(.init2)
 .init2         0x0000088e       0x10 C:/Program Files (x86)/Atmel/Studio/7.0/Packs/Atmel/ATmega_DFP/1.2.272/gcc/dev/atmega2560/avr6/crtatmega2560.o
 *(.init2)
 *(.init3)
 *(.init3)
 *(.init4)
 .init4         0x0000089e       0x1a c:/program files (x86)/atmel/studio/7.0/toolchain/avr8/avr8-gnu-toolchain/bin/../lib/gcc/avr/5.4.0/avr6\libgcc.a(_copy_data.o)
                0x0000089e                __do_copy_data
 .init4         0x000008b8       0x10 c:/program files (x86)/atmel/studio/7.0/toolchain/avr8/avr8-gnu-toolchain/bin/../lib/gcc/avr/5.4.0/avr6\libgcc.a(_clear_bss.o)
                0x000008b8                __do_clear_bss
 *(.init4)
 *(.init5)
 *(.init5)
 *(.init6)
 .init6         0x000008c8       0x20 c:/program files (x86)/atmel/studio/7.0/toolchain/avr8/avr8-gnu-toolchain/bin/../lib/gcc/avr/5.4.0/avr6\libgcc.a(_ctors.o)
                0x000008c8                __do_global_ctors
 *(.init6)
 *(.init7)
 *(.init7)
 *(.init8)
 *(.init8)
 *(.init9)
 .init9         0x000008e8        0x6 C:/Program Files (x86)/Atmel/Studio/7.0/Packs/Atmel/ATmega_DFP/1.2.272/gcc/dev/atmega2560/avr6/crtatmega2560.o
 *(.init9)
 *(.text)
 .text          0x000008ee        0x2 C:/Program Files (x86)/Atmel/Studio/7.0/Packs/Atmel/ATmega_DFP/1.2.272/gcc/dev/atmega2560/avr6/crtatmega2560.o
                0x000008ee                __vector_38
                0x000008ee                __vector_22
                0x000008ee                __vector_28
                0x000008ee                __vector_1
                0x000008ee                __vector_32
                0x000008ee                __vector_34
                0x000008ee                __vector_24
                0x000008ee                __vector_12
                0x000008ee                __vector_55
                0x000008ee                __vector_46
                0x000008ee                __bad_interrupt
                0x000008ee                __vector_6
                0x000008ee                __vector_31
                0x000008ee                __vector_35
                0x000008ee                __vector_3
                0x000008ee                __vector_30
                0x000008ee                __vector_45
                0x000008ee                __vector_11
                0x000008ee                __vector_54
                0x000008ee                __vector_13
                0x000008ee                __vector_17
                0x000008ee                __vector_19
                0x000008ee                __vector_56
                0x000008ee                __vector_7
                0x000008ee                __vector_49
                0x000008ee                __vector_41
                0x000008ee                __vector_43
                0x000008ee                __vector_27
                0x000008ee                __vector_5
                0x000008ee                __vector_33
                0x000008ee                __vector_47
                0x000008ee                __vector_52
                0x000008ee                __vector_4
                0x000008ee                __vector_44
                0x000008ee                __vector_51
                0x000008ee                __vector_9
                0x000008ee                __vector_2
                0x000008ee                __vector_21
                0x000008ee                __vector_15
                0x000008ee                __vector_29
                0x000008ee                __vector_40
                0x000008ee                __vector_8
                0x000008ee                __vector_48
                0x000008ee                __vector_14
                0x000008ee                __vector_53
                0x000008ee                __vector_10
                0x000008ee                __vector_50
                0x000008ee                __vector_16
                0x000008ee                __vector_18
                0x000008ee                __vector_20
                0x000008ee                __vector_42
                0x000008f0                . = ALIGN (0x2)
 *(.text.*)
 .text.setup    0x000008f0       0x46 Sketch.o
                0x000008f0                setup
 .text.loop     0x00000936       0x88 Sketch.o
                0x00000936                loop
 .text.startup._GLOBAL__sub_I_rb
                0x000009be        0x8 Sketch.o
 .text._ZN14HardwareSerial9availableEv
                0x000009c6       0x18 C:\Users\Vitor\Documents\Atmel Studio\7.0\ArduinoSketch4\ArduinoSketch4\ArduinoCore\Debug\libArduinoCore.a(HardwareSerial.o)
                0x000009c6                _ZN14HardwareSerial9availableEv
 .text._ZN14HardwareSerial4peekEv
                0x000009de       0x1c C:\Users\Vitor\Documents\Atmel Studio\7.0\ArduinoSketch4\ArduinoSketch4\ArduinoCore\Debug\libArduinoCore.a(HardwareSerial.o)
                0x000009de                _ZN14HardwareSerial4peekEv
 .text._ZN14HardwareSerial4readEv
                0x000009fa       0x28 C:\Users\Vitor\Documents\Atmel Studio\7.0\ArduinoSketch4\ArduinoSketch4\ArduinoCore\Debug\libArduinoCore.a(HardwareSerial.o)
                0x000009fa                _ZN14HardwareSerial4readEv
 .text._ZN14HardwareSerial17availableForWriteEv
                0x00000a22       0x1e C:\Users\Vitor\Documents\Atmel Studio\7.0\ArduinoSketch4\ArduinoSketch4\ArduinoCore\Debug\libArduinoCore.a(HardwareSerial.o)
                0x00000a22                _ZN14HardwareSerial17availableForWriteEv
 .text._Z14serialEventRunv
                0x00000a40       0x78 C:\Users\Vitor\Documents\Atmel Studio\7.0\ArduinoSketch4\ArduinoSketch4\ArduinoCore\Debug\libArduinoCore.a(HardwareSerial.o)
                0x00000a40                _Z14serialEventRunv
 .text._ZN14HardwareSerial17_tx_udr_empty_irqEv
                0x00000ab8       0x42 C:\Users\Vitor\Documents\Atmel Studio\7.0\ArduinoSketch4\ArduinoSketch4\ArduinoCore\Debug\libArduinoCore.a(HardwareSerial.o)
                0x00000ab8                _ZN14HardwareSerial17_tx_udr_empty_irqEv
 .text._ZN14HardwareSerial5writeEh
                0x00000afa       0x8c C:\Users\Vitor\Documents\Atmel Studio\7.0\ArduinoSketch4\ArduinoSketch4\ArduinoCore\Debug\libArduinoCore.a(HardwareSerial.o)
                0x00000afa                _ZN14HardwareSerial5writeEh
 .text._ZN14HardwareSerial5flushEv
                0x00000b86       0x42 C:\Users\Vitor\Documents\Atmel Studio\7.0\ArduinoSketch4\ArduinoSketch4\ArduinoCore\Debug\libArduinoCore.a(HardwareSerial.o)
                0x00000b86                _ZN14HardwareSerial5flushEv
 .text._ZN14HardwareSerial5beginEmh
                0x00000bc8       0xca C:\Users\Vitor\Documents\Atmel Studio\7.0\ArduinoSketch4\ArduinoSketch4\ArduinoCore\Debug\libArduinoCore.a(HardwareSerial.o)
                0x00000bc8                _ZN14HardwareSerial5beginEmh
 .text._ZN14HardwareSerial3endEv
                0x00000c92       0x44 C:\Users\Vitor\Documents\Atmel Studio\7.0\ArduinoSketch4\ArduinoSketch4\ArduinoCore\Debug\libArduinoCore.a(HardwareSerial.o)
                0x00000c92                _ZN14HardwareSerial3endEv
 .text._ZN5Print17availableForWriteEv
                0x00000cd6        0x6 C:\Users\Vitor\Documents\Atmel Studio\7.0\ArduinoSketch4\ArduinoSketch4\ArduinoCore\Debug\libArduinoCore.a(HardwareSerial0.o)
                0x00000cd6                _ZN5Print17availableForWriteEv
 .text._ZN5Print5flushEv
                0x00000cdc        0x2 C:\Users\Vitor\Documents\Atmel Studio\7.0\ArduinoSketch4\ArduinoSketch4\ArduinoCore\Debug\libArduinoCore.a(HardwareSerial0.o)
                0x00000cdc                _ZN5Print5flushEv
 .text.__vector_25
                0x00000cde       0x6c C:\Users\Vitor\Documents\Atmel Studio\7.0\ArduinoSketch4\ArduinoSketch4\ArduinoCore\Debug\libArduinoCore.a(HardwareSerial0.o)
                0x00000cde                __vector_25
 .text.__vector_26
                0x00000d4a       0x52 C:\Users\Vitor\Documents\Atmel Studio\7.0\ArduinoSketch4\ArduinoSketch4\ArduinoCore\Debug\libArduinoCore.a(HardwareSerial0.o)
                0x00000d4a                __vector_26
 .text._Z17Serial0_availablev
                0x00000d9c       0x12 C:\Users\Vitor\Documents\Atmel Studio\7.0\ArduinoSketch4\ArduinoSketch4\ArduinoCore\Debug\libArduinoCore.a(HardwareSerial0.o)
                0x00000d9c                _Z17Serial0_availablev
 .text.startup._GLOBAL__sub_I___vector_25
                0x00000dae       0x5a C:\Users\Vitor\Documents\Atmel Studio\7.0\ArduinoSketch4\ArduinoSketch4\ArduinoCore\Debug\libArduinoCore.a(HardwareSerial0.o)
 .text.initVariant
                0x00000e08        0x2 C:\Users\Vitor\Documents\Atmel Studio\7.0\ArduinoSketch4\ArduinoSketch4\ArduinoCore\Debug\libArduinoCore.a(main.o)
                0x00000e08                initVariant
 .text.startup.main
                0x00000e0a       0x14 C:\Users\Vitor\Documents\Atmel Studio\7.0\ArduinoSketch4\ArduinoSketch4\ArduinoCore\Debug\libArduinoCore.a(main.o)
                0x00000e0a                main
 .text._Znwj    0x00000e1e        0x4 C:\Users\Vitor\Documents\Atmel Studio\7.0\ArduinoSketch4\ArduinoSketch4\ArduinoCore\Debug\libArduinoCore.a(new.o)
                0x00000e1e                _Znwj
 .text._Znaj    0x00000e22        0x4 C:\Users\Vitor\Documents\Atmel Studio\7.0\ArduinoSketch4\ArduinoSketch4\ArduinoCore\Debug\libArduinoCore.a(new.o)
                0x00000e22                _Znaj
 .text._ZdaPv   0x00000e26        0x4 C:\Users\Vitor\Documents\Atmel Studio\7.0\ArduinoSketch4\ArduinoSketch4\ArduinoCore\Debug\libArduinoCore.a(new.o)
                0x00000e26                _ZdaPv
 .text._ZN5Print5writeEPKhj
                0x00000e2a       0x54 C:\Users\Vitor\Documents\Atmel Studio\7.0\ArduinoSketch4\ArduinoSketch4\ArduinoCore\Debug\libArduinoCore.a(Print.o)
                0x00000e2a                _ZN5Print5writeEPKhj
 .text._ZN5Print5writeEPKc
                0x00000e7e       0x2a C:\Users\Vitor\Documents\Atmel Studio\7.0\ArduinoSketch4\ArduinoSketch4\ArduinoCore\Debug\libArduinoCore.a(Print.o)
                0x00000e7e                _ZN5Print5writeEPKc
 .text._ZN5Print5printEPKc
                0x00000ea8        0x2 C:\Users\Vitor\Documents\Atmel Studio\7.0\ArduinoSketch4\ArduinoSketch4\ArduinoCore\Debug\libArduinoCore.a(Print.o)
                0x00000ea8                _ZN5Print5printEPKc
 .text._ZN5Print5printEc
                0x00000eaa        0xe C:\Users\Vitor\Documents\Atmel Studio\7.0\ArduinoSketch4\ArduinoSketch4\ArduinoCore\Debug\libArduinoCore.a(Print.o)
                0x00000eaa                _ZN5Print5printEc
 .text._ZN5Print7printlnEv
                0x00000eb8        0x6 C:\Users\Vitor\Documents\Atmel Studio\7.0\ArduinoSketch4\ArduinoSketch4\ArduinoCore\Debug\libArduinoCore.a(Print.o)
                0x00000eb8                _ZN5Print7printlnEv
 .text._ZN5Print7printlnEPKc
                0x00000ebe       0x20 C:\Users\Vitor\Documents\Atmel Studio\7.0\ArduinoSketch4\ArduinoSketch4\ArduinoCore\Debug\libArduinoCore.a(Print.o)
                0x00000ebe                _ZN5Print7printlnEPKc
 .text._ZN5Print11printNumberEmh
                0x00000ede       0x90 C:\Users\Vitor\Documents\Atmel Studio\7.0\ArduinoSketch4\ArduinoSketch4\ArduinoCore\Debug\libArduinoCore.a(Print.o)
                0x00000ede                _ZN5Print11printNumberEmh
 .text._ZN5Print5printEmi
                0x00000f6e       0x18 C:\Users\Vitor\Documents\Atmel Studio\7.0\ArduinoSketch4\ArduinoSketch4\ArduinoCore\Debug\libArduinoCore.a(Print.o)
                0x00000f6e                _ZN5Print5printEmi
 .text._ZN5Print5printEhi
                0x00000f86        0xc C:\Users\Vitor\Documents\Atmel Studio\7.0\ArduinoSketch4\ArduinoSketch4\ArduinoCore\Debug\libArduinoCore.a(Print.o)
                0x00000f86                _ZN5Print5printEhi
 .text._ZN5Print7printlnEhi
                0x00000f92       0x20 C:\Users\Vitor\Documents\Atmel Studio\7.0\ArduinoSketch4\ArduinoSketch4\ArduinoCore\Debug\libArduinoCore.a(Print.o)
                0x00000f92                _ZN5Print7printlnEhi
 .text._ZN5Print5printEji
                0x00000fb2        0xa C:\Users\Vitor\Documents\Atmel Studio\7.0\ArduinoSketch4\ArduinoSketch4\ArduinoCore\Debug\libArduinoCore.a(Print.o)
                0x00000fb2                _ZN5Print5printEji
 .text._ZN5Print7printlnEji
                0x00000fbc       0x20 C:\Users\Vitor\Documents\Atmel Studio\7.0\ArduinoSketch4\ArduinoSketch4\ArduinoCore\Debug\libArduinoCore.a(Print.o)
                0x00000fbc                _ZN5Print7printlnEji
 .text._ZN5Print5printEli
                0x00000fdc       0x8a C:\Users\Vitor\Documents\Atmel Studio\7.0\ArduinoSketch4\ArduinoSketch4\ArduinoCore\Debug\libArduinoCore.a(Print.o)
                0x00000fdc                _ZN5Print5printEli
 .text._ZN5Print5printEii
                0x00001066        0xc C:\Users\Vitor\Documents\Atmel Studio\7.0\ArduinoSketch4\ArduinoSketch4\ArduinoCore\Debug\libArduinoCore.a(Print.o)
                0x00001066                _ZN5Print5printEii
 .text._ZN5Print7printlnEii
                0x00001072       0x20 C:\Users\Vitor\Documents\Atmel Studio\7.0\ArduinoSketch4\ArduinoSketch4\ArduinoCore\Debug\libArduinoCore.a(Print.o)
                0x00001072                _ZN5Print7printlnEii
 .text._ZN5Print7printlnEli
                0x00001092       0x20 C:\Users\Vitor\Documents\Atmel Studio\7.0\ArduinoSketch4\ArduinoSketch4\ArduinoCore\Debug\libArduinoCore.a(Print.o)
                0x00001092                _ZN5Print7printlnEli
 .text._ZN5Print10printFloatEdh
                0x000010b2      0x1ac C:\Users\Vitor\Documents\Atmel Studio\7.0\ArduinoSketch4\ArduinoSketch4\ArduinoCore\Debug\libArduinoCore.a(Print.o)
                0x000010b2                _ZN5Print10printFloatEdh
 .text._ZN5Print5printEdi
                0x0000125e        0x2 C:\Users\Vitor\Documents\Atmel Studio\7.0\ArduinoSketch4\ArduinoSketch4\ArduinoCore\Debug\libArduinoCore.a(Print.o)
                0x0000125e                _ZN5Print5printEdi
 .text._ZN5Print7printlnEdi
                0x00001260       0x20 C:\Users\Vitor\Documents\Atmel Studio\7.0\ArduinoSketch4\ArduinoSketch4\ArduinoCore\Debug\libArduinoCore.a(Print.o)
                0x00001260                _ZN5Print7printlnEdi
 .text.__vector_23
                0x00001280       0x94 C:\Users\Vitor\Documents\Atmel Studio\7.0\ArduinoSketch4\ArduinoSketch4\ArduinoCore\Debug\libArduinoCore.a(wiring.o)
                0x00001280                __vector_23
 .text.millis   0x00001314       0x18 C:\Users\Vitor\Documents\Atmel Studio\7.0\ArduinoSketch4\ArduinoSketch4\ArduinoCore\Debug\libArduinoCore.a(wiring.o)
                0x00001314                millis
 .text.micros   0x0000132c       0x4a C:\Users\Vitor\Documents\Atmel Studio\7.0\ArduinoSketch4\ArduinoSketch4\ArduinoCore\Debug\libArduinoCore.a(wiring.o)
                0x0000132c                micros
 .text.delay    0x00001376       0x74 C:\Users\Vitor\Documents\Atmel Studio\7.0\ArduinoSketch4\ArduinoSketch4\ArduinoCore\Debug\libArduinoCore.a(wiring.o)
                0x00001376                delay
 .text.init     0x000013ea       0xc4 C:\Users\Vitor\Documents\Atmel Studio\7.0\ArduinoSketch4\ArduinoSketch4\ArduinoCore\Debug\libArduinoCore.a(wiring.o)
                0x000013ea                init
 .text._ZN16Adafruit_SSD130613drawFastHLineEiiij
                0x000014ae      0x2b6 C:\Users\Vitor\Documents\Atmel Studio\7.0\ArduinoSketch4\ArduinoSketch4\ArduinoCore\Debug\libArduinoCore.a(Adafruit_SSD1306.o)
                0x000014ae                _ZN16Adafruit_SSD130613drawFastHLineEiiij
 .text._ZN16Adafruit_SSD130613drawFastVLineEiiij
                0x00001764      0x2b4 C:\Users\Vitor\Documents\Atmel Studio\7.0\ArduinoSketch4\ArduinoSketch4\ArduinoCore\Debug\libArduinoCore.a(Adafruit_SSD1306.o)
                0x00001764                _ZN16Adafruit_SSD130613drawFastVLineEiiij
 .text._ZN16Adafruit_SSD13069drawPixelEiij
                0x00001a18      0x16e C:\Users\Vitor\Documents\Atmel Studio\7.0\ArduinoSketch4\ArduinoSketch4\ArduinoCore\Debug\libArduinoCore.a(Adafruit_SSD1306.o)
                0x00001a18                _ZN16Adafruit_SSD13069drawPixelEiij
 .text._ZN16Adafruit_SSD1306C2Ea
                0x00001b86       0x32 C:\Users\Vitor\Documents\Atmel Studio\7.0\ArduinoSketch4\ArduinoSketch4\ArduinoCore\Debug\libArduinoCore.a(Adafruit_SSD1306.o)
                0x00001b86                _ZN16Adafruit_SSD1306C2Ea
                0x00001b86                _ZN16Adafruit_SSD1306C1Ea
 .text._ZN16Adafruit_SSD130612clearDisplayEv
                0x00001bb8       0x16 C:\Users\Vitor\Documents\Atmel Studio\7.0\ArduinoSketch4\ArduinoSketch4\ArduinoCore\Debug\libArduinoCore.a(Adafruit_SSD1306.o)
                0x00001bb8                _ZN16Adafruit_SSD130612clearDisplayEv
 .text._ZN16Adafruit_SSD130612fastSPIwriteEh
                0x00001bce       0x5a C:\Users\Vitor\Documents\Atmel Studio\7.0\ArduinoSketch4\ArduinoSketch4\ArduinoCore\Debug\libArduinoCore.a(Adafruit_SSD1306.o)
                0x00001bce                _ZN16Adafruit_SSD130612fastSPIwriteEh
 .text._ZN16Adafruit_SSD130615ssd1306_commandEh
                0x00001c28       0x82 C:\Users\Vitor\Documents\Atmel Studio\7.0\ArduinoSketch4\ArduinoSketch4\ArduinoCore\Debug\libArduinoCore.a(Adafruit_SSD1306.o)
                0x00001c28                _ZN16Adafruit_SSD130615ssd1306_commandEh
 .text._ZN16Adafruit_SSD13065beginEhhb
                0x00001caa      0x22a C:\Users\Vitor\Documents\Atmel Studio\7.0\ArduinoSketch4\ArduinoSketch4\ArduinoCore\Debug\libArduinoCore.a(Adafruit_SSD1306.o)
                0x00001caa                _ZN16Adafruit_SSD13065beginEhhb
 .text._ZN16Adafruit_SSD13067displayEv
                0x00001ed4      0x104 C:\Users\Vitor\Documents\Atmel Studio\7.0\ArduinoSketch4\ArduinoSketch4\ArduinoCore\Debug\libArduinoCore.a(Adafruit_SSD1306.o)
                0x00001ed4                _ZN16Adafruit_SSD13067displayEv
 .text._ZN11EEPROMClass4readEi.isra.0
                0x00001fd8        0x4 C:\Users\Vitor\Documents\Atmel Studio\7.0\ArduinoSketch4\ArduinoSketch4\ArduinoCore\Debug\libArduinoCore.a(red_beryl.o)
 .text._ZN11EEPROMClass5writeEih.isra.1
                0x00001fdc        0x4 C:\Users\Vitor\Documents\Atmel Studio\7.0\ArduinoSketch4\ArduinoSketch4\ArduinoCore\Debug\libArduinoCore.a(red_beryl.o)
 .text._ZN11EEPROMClass3getI8leiturasEERT_iS3_.isra.5
                0x00001fe0       0x4c C:\Users\Vitor\Documents\Atmel Studio\7.0\ArduinoSketch4\ArduinoSketch4\ArduinoCore\Debug\libArduinoCore.a(red_beryl.o)
 .text._ZN11EEPROMClass3putI8leiturasEERKT_iS4_.isra.4
                0x0000202c       0x56 C:\Users\Vitor\Documents\Atmel Studio\7.0\ArduinoSketch4\ArduinoSketch4\ArduinoCore\Debug\libArduinoCore.a(red_beryl.o)
 .text._ZN9red_beryl13getBatteryPctEv
                0x00002082       0x62 C:\Users\Vitor\Documents\Atmel Studio\7.0\ArduinoSketch4\ArduinoSketch4\ArduinoCore\Debug\libArduinoCore.a(red_beryl.o)
                0x00002082                _ZN9red_beryl13getBatteryPctEv
 .text._ZN9red_beryl9menu_sincEv
                0x000020e4       0x90 C:\Users\Vitor\Documents\Atmel Studio\7.0\ArduinoSketch4\ArduinoSketch4\ArduinoCore\Debug\libArduinoCore.a(red_beryl.o)
                0x000020e4                _ZN9red_beryl9menu_sincEv
 .text._ZN9red_beryl10menu_rangeEv
                0x00002174      0x6e0 C:\Users\Vitor\Documents\Atmel Studio\7.0\ArduinoSketch4\ArduinoSketch4\ArduinoCore\Debug\libArduinoCore.a(red_beryl.o)
                0x00002174                _ZN9red_beryl10menu_rangeEv
 .text._ZN9red_beryl10menu_pointEv
                0x00002854      0x19c C:\Users\Vitor\Documents\Atmel Studio\7.0\ArduinoSketch4\ArduinoSketch4\ArduinoCore\Debug\libArduinoCore.a(red_beryl.o)
                0x00002854                _ZN9red_beryl10menu_pointEv
 .text._ZN9red_beryl10menu_avisoEv
                0x000029f0      0x26c C:\Users\Vitor\Documents\Atmel Studio\7.0\ArduinoSketch4\ArduinoSketch4\ArduinoCore\Debug\libArduinoCore.a(red_beryl.o)
                0x000029f0                _ZN9red_beryl10menu_avisoEv
 .text._ZN9red_beryl14menu_historicoEv
                0x00002c5c      0x4e0 C:\Users\Vitor\Documents\Atmel Studio\7.0\ArduinoSketch4\ArduinoSketch4\ArduinoCore\Debug\libArduinoCore.a(red_beryl.o)
                0x00002c5c                _ZN9red_beryl14menu_historicoEv
 .text._ZN9red_beryl7relogioEv
                0x0000313c      0x87e C:\Users\Vitor\Documents\Atmel Studio\7.0\ArduinoSketch4\ArduinoSketch4\ArduinoCore\Debug\libArduinoCore.a(red_beryl.o)
                0x0000313c                _ZN9red_beryl7relogioEv
 .text._ZN9red_beryl8getPointEv
                0x000039ba        0x8 C:\Users\Vitor\Documents\Atmel Studio\7.0\ArduinoSketch4\ArduinoSketch4\ArduinoCore\Debug\libArduinoCore.a(red_beryl.o)
                0x000039ba                _ZN9red_beryl8getPointEv
 .text._ZN9red_beryl14imprimeEscolhaEii8leiturasb
                0x000039c2      0x114 C:\Users\Vitor\Documents\Atmel Studio\7.0\ArduinoSketch4\ArduinoSketch4\ArduinoCore\Debug\libArduinoCore.a(red_beryl.o)
                0x000039c2                _ZN9red_beryl14imprimeEscolhaEii8leiturasb
 .text._ZN9red_beryl10menuOptionEPKcib
                0x00003ad6       0x56 C:\Users\Vitor\Documents\Atmel Studio\7.0\ArduinoSketch4\ArduinoSketch4\ArduinoCore\Debug\libArduinoCore.a(red_beryl.o)
                0x00003ad6                _ZN9red_beryl10menuOptionEPKcib
 .text._ZN9red_beryl11menu_ajusteEv
                0x00003b2c      0x5f6 C:\Users\Vitor\Documents\Atmel Studio\7.0\ArduinoSketch4\ArduinoSketch4\ArduinoCore\Debug\libArduinoCore.a(red_beryl.o)
                0x00003b2c                _ZN9red_beryl11menu_ajusteEv
 .text._ZN9red_beryl8upperBarEv
                0x00004122      0x382 C:\Users\Vitor\Documents\Atmel Studio\7.0\ArduinoSketch4\ArduinoSketch4\ArduinoCore\Debug\libArduinoCore.a(red_beryl.o)
                0x00004122                _ZN9red_beryl8upperBarEv
 .text._ZN9red_beryl7warningEPKc
                0x000044a4      0x11e C:\Users\Vitor\Documents\Atmel Studio\7.0\ArduinoSketch4\ArduinoSketch4\ArduinoCore\Debug\libArduinoCore.a(red_beryl.o)
                0x000044a4                _ZN9red_beryl7warningEPKc
 .text._ZN9red_beryl11adResetTestEv
                0x000045c2       0x82 C:\Users\Vitor\Documents\Atmel Studio\7.0\ArduinoSketch4\ArduinoSketch4\ArduinoCore\Debug\libArduinoCore.a(red_beryl.o)
                0x000045c2                _ZN9red_beryl11adResetTestEv
 .text._ZN9red_berylC2Ev
                0x00004644      0x2ac C:\Users\Vitor\Documents\Atmel Studio\7.0\ArduinoSketch4\ArduinoSketch4\ArduinoCore\Debug\libArduinoCore.a(red_beryl.o)
                0x00004644                _ZN9red_berylC2Ev
                0x00004644                _ZN9red_berylC1Ev
 .text._ZN9red_beryl9checarPinEv
                0x000048f0      0x1b8 C:\Users\Vitor\Documents\Atmel Studio\7.0\ArduinoSketch4\ArduinoSketch4\ArduinoCore\Debug\libArduinoCore.a(red_beryl.o)
                0x000048f0                _ZN9red_beryl9checarPinEv
 .text._ZN9red_beryl17notificationTimerEb
                0x00004aa8      0x1c6 C:\Users\Vitor\Documents\Atmel Studio\7.0\ArduinoSketch4\ArduinoSketch4\ArduinoCore\Debug\libArduinoCore.a(red_beryl.o)
                0x00004aa8                _ZN9red_beryl17notificationTimerEb
 .text._ZN9red_beryl13deletaLeituraEi
                0x00004c6e      0x182 C:\Users\Vitor\Documents\Atmel Studio\7.0\ArduinoSketch4\ArduinoSketch4\ArduinoCore\Debug\libArduinoCore.a(red_beryl.o)
                0x00004c6e                _ZN9red_beryl13deletaLeituraEi
 .text._ZN9red_beryl12notificationEv
                0x00004df0       0xe8 C:\Users\Vitor\Documents\Atmel Studio\7.0\ArduinoSketch4\ArduinoSketch4\ArduinoCore\Debug\libArduinoCore.a(red_beryl.o)
                0x00004df0                _ZN9red_beryl12notificationEv
 .text._ZN9red_beryl7warningEPKcS1_
                0x00004ed8      0x196 C:\Users\Vitor\Documents\Atmel Studio\7.0\ArduinoSketch4\ArduinoSketch4\ArduinoCore\Debug\libArduinoCore.a(red_beryl.o)
                0x00004ed8                _ZN9red_beryl7warningEPKcS1_
 .text._ZN9red_beryl9scrollBarEi
                0x0000506e      0x130 C:\Users\Vitor\Documents\Atmel Studio\7.0\ArduinoSketch4\ArduinoSketch4\ArduinoCore\Debug\libArduinoCore.a(red_beryl.o)
                0x0000506e                _ZN9red_beryl9scrollBarEi
 .text._ZN9red_beryl9historicoEv
                0x0000519e      0xada C:\Users\Vitor\Documents\Atmel Studio\7.0\ArduinoSketch4\ArduinoSketch4\ArduinoCore\Debug\libArduinoCore.a(red_beryl.o)
                0x0000519e                _ZN9red_beryl9historicoEv
 .text._ZN9red_beryl12menu_leituraEv
                0x00005c78      0x8ae C:\Users\Vitor\Documents\Atmel Studio\7.0\ArduinoSketch4\ArduinoSketch4\ArduinoCore\Debug\libArduinoCore.a(red_beryl.o)
                0x00005c78                _ZN9red_beryl12menu_leituraEv
 .text._ZN9red_beryl4menuEv
                0x00006526      0x216 C:\Users\Vitor\Documents\Atmel Studio\7.0\ArduinoSketch4\ArduinoSketch4\ArduinoCore\Debug\libArduinoCore.a(red_beryl.o)
                0x00006526                _ZN9red_beryl4menuEv
 .text._ZN11red_crystalC2Ev
                0x0000673c        0xc C:\Users\Vitor\Documents\Atmel Studio\7.0\ArduinoSketch4\ArduinoSketch4\ArduinoCore\Debug\libArduinoCore.a(red_crystal.o)
                0x0000673c                _ZN11red_crystalC2Ev
                0x0000673c                _ZN11red_crystalC1Ev
 .text._ZN11red_crystal5resetEv
                0x00006748       0x1e C:\Users\Vitor\Documents\Atmel Studio\7.0\ArduinoSketch4\ArduinoSketch4\ArduinoCore\Debug\libArduinoCore.a(red_crystal.o)
                0x00006748                _ZN11red_crystal5resetEv
 .text._ZN11red_crystal13initialConfigEv
                0x00006766       0xe2 C:\Users\Vitor\Documents\Atmel Studio\7.0\ArduinoSketch4\ArduinoSketch4\ArduinoCore\Debug\libArduinoCore.a(red_crystal.o)
                0x00006766                _ZN11red_crystal13initialConfigEv
 .text._ZN11red_crystal4initEv
                0x00006848       0x94 C:\Users\Vitor\Documents\Atmel Studio\7.0\ArduinoSketch4\ArduinoSketch4\ArduinoCore\Debug\libArduinoCore.a(red_crystal.o)
                0x00006848                _ZN11red_crystal4initEv
 .text._ZN11red_crystal10configurarEl
                0x000068dc      0x218 C:\Users\Vitor\Documents\Atmel Studio\7.0\ArduinoSketch4\ArduinoSketch4\ArduinoCore\Debug\libArduinoCore.a(red_crystal.o)
                0x000068dc                _ZN11red_crystal10configurarEl
 .text._ZN11red_crystal5lerADEiR8leituras
                0x00006af4      0x74a C:\Users\Vitor\Documents\Atmel Studio\7.0\ArduinoSketch4\ArduinoSketch4\ArduinoCore\Debug\libArduinoCore.a(red_crystal.o)
                0x00006af4                _ZN11red_crystal5lerADEiR8leituras
 .text._ZN11red_crystal11temperaturaEv
                0x0000723e        0x4 C:\Users\Vitor\Documents\Atmel Studio\7.0\ArduinoSketch4\ArduinoSketch4\ArduinoCore\Debug\libArduinoCore.a(red_crystal.o)
                0x0000723e                _ZN11red_crystal11temperaturaEv
 .text._ZN11red_crystal8setRangeEi
                0x00007242       0x1e C:\Users\Vitor\Documents\Atmel Studio\7.0\ArduinoSketch4\ArduinoSketch4\ArduinoCore\Debug\libArduinoCore.a(red_crystal.o)
                0x00007242                _ZN11red_crystal8setRangeEi
 .text._ZN11red_crystal8getRangeEv
                0x00007260        0xc C:\Users\Vitor\Documents\Atmel Studio\7.0\ArduinoSketch4\ArduinoSketch4\ArduinoCore\Debug\libArduinoCore.a(red_crystal.o)
                0x00007260                _ZN11red_crystal8getRangeEv
 .text._ZN11EEPROMClass5writeEih.isra.1
                0x0000726c        0x4 C:\Users\Vitor\Documents\Atmel Studio\7.0\ArduinoSketch4\ArduinoSketch4\ArduinoCore\Debug\libArduinoCore.a(red_fang.o)
 .text._ZN11EEPROMClass4readEi.isra.0.constprop.5
                0x00007270        0x8 C:\Users\Vitor\Documents\Atmel Studio\7.0\ArduinoSketch4\ArduinoSketch4\ArduinoCore\Debug\libArduinoCore.a(red_fang.o)
 .text._ZN11EEPROMClass3getI8leiturasEERT_iS3_.isra.4
                0x00007278       0x4c C:\Users\Vitor\Documents\Atmel Studio\7.0\ArduinoSketch4\ArduinoSketch4\ArduinoCore\Debug\libArduinoCore.a(red_fang.o)
 .text._ZN11EEPROMClass3putI8leiturasEERKT_iS4_.isra.3
                0x000072c4       0x56 C:\Users\Vitor\Documents\Atmel Studio\7.0\ArduinoSketch4\ArduinoSketch4\ArduinoCore\Debug\libArduinoCore.a(red_fang.o)
 .text._ZN8red_fangC2Ev
                0x0000731a       0x5e C:\Users\Vitor\Documents\Atmel Studio\7.0\ArduinoSketch4\ArduinoSketch4\ArduinoCore\Debug\libArduinoCore.a(red_fang.o)
                0x0000731a                _ZN8red_fangC2Ev
                0x0000731a                _ZN8red_fangC1Ev
 .text._ZN8red_fang12serialEnviarEPc
                0x00007378       0x82 C:\Users\Vitor\Documents\Atmel Studio\7.0\ArduinoSketch4\ArduinoSketch4\ArduinoCore\Debug\libArduinoCore.a(red_fang.o)
                0x00007378                _ZN8red_fang12serialEnviarEPc
 .text._ZN8red_fang13deletaLeituraEi
                0x000073fa      0x17e C:\Users\Vitor\Documents\Atmel Studio\7.0\ArduinoSketch4\ArduinoSketch4\ArduinoCore\Debug\libArduinoCore.a(red_fang.o)
                0x000073fa                _ZN8red_fang13deletaLeituraEi
 .text._ZN8red_fang13serialLeituraE8leiturasi
                0x00007578      0x306 C:\Users\Vitor\Documents\Atmel Studio\7.0\ArduinoSketch4\ArduinoSketch4\ArduinoCore\Debug\libArduinoCore.a(red_fang.o)
                0x00007578                _ZN8red_fang13serialLeituraE8leiturasi
 .text._ZN8red_fang10getComplexE8leiturasi
                0x0000787e      0x3da C:\Users\Vitor\Documents\Atmel Studio\7.0\ArduinoSketch4\ArduinoSketch4\ArduinoCore\Debug\libArduinoCore.a(red_fang.o)
                0x0000787e                _ZN8red_fang10getComplexE8leiturasi
 .text._ZN8red_fang3getEib
                0x00007c58      0x2d6 C:\Users\Vitor\Documents\Atmel Studio\7.0\ArduinoSketch4\ArduinoSketch4\ArduinoCore\Debug\libArduinoCore.a(red_fang.o)
                0x00007c58                _ZN8red_fang3getEib
 .text._ZN8red_fang11isBeingUsedEv
                0x00007f2e        0x6 C:\Users\Vitor\Documents\Atmel Studio\7.0\ArduinoSketch4\ArduinoSketch4\ArduinoCore\Debug\libArduinoCore.a(red_fang.o)
                0x00007f2e                _ZN8red_fang11isBeingUsedEv
 .text._ZN8red_fang12check_stringEPc
                0x00007f34      0xa84 C:\Users\Vitor\Documents\Atmel Studio\7.0\ArduinoSketch4\ArduinoSketch4\ArduinoCore\Debug\libArduinoCore.a(red_fang.o)
                0x00007f34                _ZN8red_fang12check_stringEPc
 .text._ZN8red_fang10ler_serialEv
                0x000089b8      0x34c C:\Users\Vitor\Documents\Atmel Studio\7.0\ArduinoSketch4\ArduinoSketch4\ArduinoCore\Debug\libArduinoCore.a(red_fang.o)
                0x000089b8                _ZN8red_fang10ler_serialEv
 .text._ZN10red_quartzC2Ev
                0x00008d04       0x12 C:\Users\Vitor\Documents\Atmel Studio\7.0\ArduinoSketch4\ArduinoSketch4\ArduinoCore\Debug\libArduinoCore.a(red_quartz.o)
                0x00008d04                _ZN10red_quartzC2Ev
                0x00008d04                _ZN10red_quartzC1Ev
 .text._ZN10red_quartz4initEv
                0x00008d16       0x9a C:\Users\Vitor\Documents\Atmel Studio\7.0\ArduinoSketch4\ArduinoSketch4\ArduinoCore\Debug\libArduinoCore.a(red_quartz.o)
                0x00008d16                _ZN10red_quartz4initEv
 .text._ZN10red_quartz6minutoEv
                0x00008db0        0x8 C:\Users\Vitor\Documents\Atmel Studio\7.0\ArduinoSketch4\ArduinoSketch4\ArduinoCore\Debug\libArduinoCore.a(red_quartz.o)
                0x00008db0                _ZN10red_quartz6minutoEv
 .text._ZN10red_quartz4horaEv
                0x00008db8        0x8 C:\Users\Vitor\Documents\Atmel Studio\7.0\ArduinoSketch4\ArduinoSketch4\ArduinoCore\Debug\libArduinoCore.a(red_quartz.o)
                0x00008db8                _ZN10red_quartz4horaEv
 .text._ZN10red_quartz3diaEv
                0x00008dc0        0x8 C:\Users\Vitor\Documents\Atmel Studio\7.0\ArduinoSketch4\ArduinoSketch4\ArduinoCore\Debug\libArduinoCore.a(red_quartz.o)
                0x00008dc0                _ZN10red_quartz3diaEv
 .text._ZN10red_quartz3mesEv
                0x00008dc8        0x8 C:\Users\Vitor\Documents\Atmel Studio\7.0\ArduinoSketch4\ArduinoSketch4\ArduinoCore\Debug\libArduinoCore.a(red_quartz.o)
                0x00008dc8                _ZN10red_quartz3mesEv
 .text._ZN10red_quartz3anoEv
                0x00008dd0        0x8 C:\Users\Vitor\Documents\Atmel Studio\7.0\ArduinoSketch4\ArduinoSketch4\ArduinoCore\Debug\libArduinoCore.a(red_quartz.o)
                0x00008dd0                _ZN10red_quartz3anoEv
 .text._ZN10red_quartz9data_horaEb
                0x00008dd8      0x1ba C:\Users\Vitor\Documents\Atmel Studio\7.0\ArduinoSketch4\ArduinoSketch4\ArduinoCore\Debug\libArduinoCore.a(red_quartz.o)
                0x00008dd8                _ZN10red_quartz9data_horaEb
 .text._ZN10red_quartz9checkTimeEv
                0x00008f92       0x8e C:\Users\Vitor\Documents\Atmel Studio\7.0\ArduinoSketch4\ArduinoSketch4\ArduinoCore\Debug\libArduinoCore.a(red_quartz.o)
                0x00008f92                _ZN10red_quartz9checkTimeEv
 .text._ZN10red_quartz11set_segundoEi
                0x00009020       0x14 C:\Users\Vitor\Documents\Atmel Studio\7.0\ArduinoSketch4\ArduinoSketch4\ArduinoCore\Debug\libArduinoCore.a(red_quartz.o)
                0x00009020                _ZN10red_quartz11set_segundoEi
 .text._ZN10red_quartz10set_minutoEi
                0x00009034       0x14 C:\Users\Vitor\Documents\Atmel Studio\7.0\ArduinoSketch4\ArduinoSketch4\ArduinoCore\Debug\libArduinoCore.a(red_quartz.o)
                0x00009034                _ZN10red_quartz10set_minutoEi
 .text._ZN10red_quartz8set_horaEi
                0x00009048       0x14 C:\Users\Vitor\Documents\Atmel Studio\7.0\ArduinoSketch4\ArduinoSketch4\ArduinoCore\Debug\libArduinoCore.a(red_quartz.o)
                0x00009048                _ZN10red_quartz8set_horaEi
 .text._ZN10red_quartz7set_mesEi
                0x0000905c       0x1a C:\Users\Vitor\Documents\Atmel Studio\7.0\ArduinoSketch4\ArduinoSketch4\ArduinoCore\Debug\libArduinoCore.a(red_quartz.o)
                0x0000905c                _ZN10red_quartz7set_mesEi
 .text._ZN10red_quartz7set_anoEi
                0x00009076       0x12 C:\Users\Vitor\Documents\Atmel Studio\7.0\ArduinoSketch4\ArduinoSketch4\ArduinoCore\Debug\libArduinoCore.a(red_quartz.o)
                0x00009076                _ZN10red_quartz7set_anoEi
 .text._ZN10red_quartz13testa_segundoEi
                0x00009088        0xc C:\Users\Vitor\Documents\Atmel Studio\7.0\ArduinoSketch4\ArduinoSketch4\ArduinoCore\Debug\libArduinoCore.a(red_quartz.o)
                0x00009088                _ZN10red_quartz13testa_segundoEi
 .text._ZN10red_quartz12testa_minutoEi
                0x00009094        0xc C:\Users\Vitor\Documents\Atmel Studio\7.0\ArduinoSketch4\ArduinoSketch4\ArduinoCore\Debug\libArduinoCore.a(red_quartz.o)
                0x00009094                _ZN10red_quartz12testa_minutoEi
 .text._ZN10red_quartz10testa_horaEi
                0x000090a0        0xc C:\Users\Vitor\Documents\Atmel Studio\7.0\ArduinoSketch4\ArduinoSketch4\ArduinoCore\Debug\libArduinoCore.a(red_quartz.o)
                0x000090a0                _ZN10red_quartz10testa_horaEi
 .text._ZN10red_quartz9testa_diaEii
                0x000090ac       0x30 C:\Users\Vitor\Documents\Atmel Studio\7.0\ArduinoSketch4\ArduinoSketch4\ArduinoCore\Debug\libArduinoCore.a(red_quartz.o)
                0x000090ac                _ZN10red_quartz9testa_diaEii
 .text._ZN10red_quartz7set_diaEii
                0x000090dc       0x2a C:\Users\Vitor\Documents\Atmel Studio\7.0\ArduinoSketch4\ArduinoSketch4\ArduinoCore\Debug\libArduinoCore.a(red_quartz.o)
                0x000090dc                _ZN10red_quartz7set_diaEii
 .text._ZN10red_quartz9testa_mesEi
                0x00009106       0x10 C:\Users\Vitor\Documents\Atmel Studio\7.0\ArduinoSketch4\ArduinoSketch4\ArduinoCore\Debug\libArduinoCore.a(red_quartz.o)
                0x00009106                _ZN10red_quartz9testa_mesEi
 .text._ZN10red_quartz9testa_anoEi
                0x00009116        0xc C:\Users\Vitor\Documents\Atmel Studio\7.0\ArduinoSketch4\ArduinoSketch4\ArduinoCore\Debug\libArduinoCore.a(red_quartz.o)
                0x00009116                _ZN10red_quartz9testa_anoEi
 .text._ZN8SPIClass5beginEv
                0x00009122       0x64 C:\Users\Vitor\Documents\Atmel Studio\7.0\ArduinoSketch4\ArduinoSketch4\ArduinoCore\Debug\libArduinoCore.a(SPI.o)
                0x00009122                _ZN8SPIClass5beginEv
 .text._ZN7TwoWire9availableEv
                0x00009186       0x10 C:\Users\Vitor\Documents\Atmel Studio\7.0\ArduinoSketch4\ArduinoSketch4\ArduinoCore\Debug\libArduinoCore.a(Wire.o)
                0x00009186                _ZN7TwoWire9availableEv
 .text._ZN7TwoWire4readEv
                0x00009196       0x28 C:\Users\Vitor\Documents\Atmel Studio\7.0\ArduinoSketch4\ArduinoSketch4\ArduinoCore\Debug\libArduinoCore.a(Wire.o)
                0x00009196                _ZN7TwoWire4readEv
 .text._ZN7TwoWire4peekEv
                0x000091be       0x1e C:\Users\Vitor\Documents\Atmel Studio\7.0\ArduinoSketch4\ArduinoSketch4\ArduinoCore\Debug\libArduinoCore.a(Wire.o)
                0x000091be                _ZN7TwoWire4peekEv
 .text._ZN7TwoWire5flushEv
                0x000091dc        0x2 C:\Users\Vitor\Documents\Atmel Studio\7.0\ArduinoSketch4\ArduinoSketch4\ArduinoCore\Debug\libArduinoCore.a(Wire.o)
                0x000091dc                _ZN7TwoWire5flushEv
 .text._ZN7TwoWire5writeEPKhj
                0x000091de       0x5a C:\Users\Vitor\Documents\Atmel Studio\7.0\ArduinoSketch4\ArduinoSketch4\ArduinoCore\Debug\libArduinoCore.a(Wire.o)
                0x000091de                _ZN7TwoWire5writeEPKhj
 .text._ZN7TwoWire5writeEh
                0x00009238       0x5e C:\Users\Vitor\Documents\Atmel Studio\7.0\ArduinoSketch4\ArduinoSketch4\ArduinoCore\Debug\libArduinoCore.a(Wire.o)
                0x00009238                _ZN7TwoWire5writeEh
 .text._ZN7TwoWireC2Ev
                0x00009296       0x20 C:\Users\Vitor\Documents\Atmel Studio\7.0\ArduinoSketch4\ArduinoSketch4\ArduinoCore\Debug\libArduinoCore.a(Wire.o)
                0x00009296                _ZN7TwoWireC1Ev
                0x00009296                _ZN7TwoWireC2Ev
 .text._ZN7TwoWire5beginEv
                0x000092b6       0x14 C:\Users\Vitor\Documents\Atmel Studio\7.0\ArduinoSketch4\ArduinoSketch4\ArduinoCore\Debug\libArduinoCore.a(Wire.o)
                0x000092b6                _ZN7TwoWire5beginEv
 .text._ZN7TwoWire8setClockEm
                0x000092ca        0x8 C:\Users\Vitor\Documents\Atmel Studio\7.0\ArduinoSketch4\ArduinoSketch4\ArduinoCore\Debug\libArduinoCore.a(Wire.o)
                0x000092ca                _ZN7TwoWire8setClockEm
 .text._ZN7TwoWire17beginTransmissionEh
                0x000092d2       0x14 C:\Users\Vitor\Documents\Atmel Studio\7.0\ArduinoSketch4\ArduinoSketch4\ArduinoCore\Debug\libArduinoCore.a(Wire.o)
                0x000092d2                _ZN7TwoWire17beginTransmissionEh
 .text._ZN7TwoWire17beginTransmissionEi
                0x000092e6        0x2 C:\Users\Vitor\Documents\Atmel Studio\7.0\ArduinoSketch4\ArduinoSketch4\ArduinoCore\Debug\libArduinoCore.a(Wire.o)
                0x000092e6                _ZN7TwoWire17beginTransmissionEi
 .text._ZN7TwoWire15endTransmissionEh
                0x000092e8       0x26 C:\Users\Vitor\Documents\Atmel Studio\7.0\ArduinoSketch4\ArduinoSketch4\ArduinoCore\Debug\libArduinoCore.a(Wire.o)
                0x000092e8                _ZN7TwoWire15endTransmissionEh
 .text._ZN7TwoWire11requestFromEhhmhh
                0x0000930e       0xa4 C:\Users\Vitor\Documents\Atmel Studio\7.0\ArduinoSketch4\ArduinoSketch4\ArduinoCore\Debug\libArduinoCore.a(Wire.o)
                0x0000930e                _ZN7TwoWire11requestFromEhhmhh
 .text._ZN7TwoWire11requestFromEhhh
                0x000093b2       0x1e C:\Users\Vitor\Documents\Atmel Studio\7.0\ArduinoSketch4\ArduinoSketch4\ArduinoCore\Debug\libArduinoCore.a(Wire.o)
                0x000093b2                _ZN7TwoWire11requestFromEhhh
 .text._ZN7TwoWire11requestFromEii
                0x000093d0        0x4 C:\Users\Vitor\Documents\Atmel Studio\7.0\ArduinoSketch4\ArduinoSketch4\ArduinoCore\Debug\libArduinoCore.a(Wire.o)
                0x000093d0                _ZN7TwoWire11requestFromEii
 .text._ZN7TwoWire15endTransmissionEv
                0x000093d4        0x4 C:\Users\Vitor\Documents\Atmel Studio\7.0\ArduinoSketch4\ArduinoSketch4\ArduinoCore\Debug\libArduinoCore.a(Wire.o)
                0x000093d4                _ZN7TwoWire15endTransmissionEv
 .text.startup._GLOBAL__sub_I__ZN7TwoWire8rxBufferE
                0x000093d8        0x6 C:\Users\Vitor\Documents\Atmel Studio\7.0\ArduinoSketch4\ArduinoSketch4\ArduinoCore\Debug\libArduinoCore.a(Wire.o)
 .text.__cxa_pure_virtual
                0x000093de        0x4 C:\Users\Vitor\Documents\Atmel Studio\7.0\ArduinoSketch4\ArduinoSketch4\ArduinoCore\Debug\libArduinoCore.a(abi.o)
                0x000093de                __cxa_pure_virtual
 .text.__vector_36
                0x000093e2       0x6c C:\Users\Vitor\Documents\Atmel Studio\7.0\ArduinoSketch4\ArduinoSketch4\ArduinoCore\Debug\libArduinoCore.a(HardwareSerial1.o)
                0x000093e2                __vector_36
 .text.__vector_37
                0x0000944e       0x54 C:\Users\Vitor\Documents\Atmel Studio\7.0\ArduinoSketch4\ArduinoSketch4\ArduinoCore\Debug\libArduinoCore.a(HardwareSerial1.o)
                0x0000944e                __vector_37
 .text._Z17Serial1_availablev
                0x000094a2       0x14 C:\Users\Vitor\Documents\Atmel Studio\7.0\ArduinoSketch4\ArduinoSketch4\ArduinoCore\Debug\libArduinoCore.a(HardwareSerial1.o)
                0x000094a2                _Z17Serial1_availablev
 .text.startup._GLOBAL__sub_I___vector_36
                0x000094b6       0x5a C:\Users\Vitor\Documents\Atmel Studio\7.0\ArduinoSketch4\ArduinoSketch4\ArduinoCore\Debug\libArduinoCore.a(HardwareSerial1.o)
 .text.__empty  0x00009510        0x2 C:\Users\Vitor\Documents\Atmel Studio\7.0\ArduinoSketch4\ArduinoSketch4\ArduinoCore\Debug\libArduinoCore.a(hooks.o)
                0x00009510                yield
 .text.analogRead
                0x00009512       0x4a C:\Users\Vitor\Documents\Atmel Studio\7.0\ArduinoSketch4\ArduinoSketch4\ArduinoCore\Debug\libArduinoCore.a(wiring_analog.o)
                0x00009512                analogRead
 .text.turnOffPWM
                0x0000955c       0xac C:\Users\Vitor\Documents\Atmel Studio\7.0\ArduinoSketch4\ArduinoSketch4\ArduinoCore\Debug\libArduinoCore.a(wiring_digital.o)
 .text.pinMode  0x00009608       0x78 C:\Users\Vitor\Documents\Atmel Studio\7.0\ArduinoSketch4\ArduinoSketch4\ArduinoCore\Debug\libArduinoCore.a(wiring_digital.o)
                0x00009608                pinMode
 .text.digitalWrite
                0x00009680       0x5c C:\Users\Vitor\Documents\Atmel Studio\7.0\ArduinoSketch4\ArduinoSketch4\ArduinoCore\Debug\libArduinoCore.a(wiring_digital.o)
                0x00009680                digitalWrite
 .text.digitalRead
                0x000096dc       0x50 C:\Users\Vitor\Documents\Atmel Studio\7.0\ArduinoSketch4\ArduinoSketch4\ArduinoCore\Debug\libArduinoCore.a(wiring_digital.o)
                0x000096dc                digitalRead
 .text._Z3maplllll
                0x0000972c       0x82 C:\Users\Vitor\Documents\Atmel Studio\7.0\ArduinoSketch4\ArduinoSketch4\ArduinoCore\Debug\libArduinoCore.a(WMath.o)
                0x0000972c                _Z3maplllll
 .text._ZN12Adafruit_GFX9writeLineEiiiij
                0x000097ae      0x162 C:\Users\Vitor\Documents\Atmel Studio\7.0\ArduinoSketch4\ArduinoSketch4\ArduinoCore\Debug\libArduinoCore.a(Adafruit_GFX.o)
                0x000097ae                _ZN12Adafruit_GFX9writeLineEiiiij
 .text._ZN12Adafruit_GFX10writePixelEiij
                0x00009910        0xe C:\Users\Vitor\Documents\Atmel Studio\7.0\ArduinoSketch4\ArduinoSketch4\ArduinoCore\Debug\libArduinoCore.a(Adafruit_GFX.o)
                0x00009910                _ZN12Adafruit_GFX10writePixelEiij
 .text._ZN12Adafruit_GFX14writeFastVLineEiiij
                0x0000991e       0x18 C:\Users\Vitor\Documents\Atmel Studio\7.0\ArduinoSketch4\ArduinoSketch4\ArduinoCore\Debug\libArduinoCore.a(Adafruit_GFX.o)
                0x0000991e                _ZN12Adafruit_GFX14writeFastVLineEiiij
 .text._ZN12Adafruit_GFX14writeFastHLineEiiij
                0x00009936       0x18 C:\Users\Vitor\Documents\Atmel Studio\7.0\ArduinoSketch4\ArduinoSketch4\ArduinoCore\Debug\libArduinoCore.a(Adafruit_GFX.o)
                0x00009936                _ZN12Adafruit_GFX14writeFastHLineEiiij
 .text._ZN12Adafruit_GFX13writeFillRectEiiiij
                0x0000994e       0x20 C:\Users\Vitor\Documents\Atmel Studio\7.0\ArduinoSketch4\ArduinoSketch4\ArduinoCore\Debug\libArduinoCore.a(Adafruit_GFX.o)
                0x0000994e                _ZN12Adafruit_GFX13writeFillRectEiiiij
 .text._ZN12Adafruit_GFX8endWriteEv
                0x0000996e        0x2 C:\Users\Vitor\Documents\Atmel Studio\7.0\ArduinoSketch4\ArduinoSketch4\ArduinoCore\Debug\libArduinoCore.a(Adafruit_GFX.o)
                0x0000996e                _ZN12Adafruit_GFX10startWriteEv
                0x0000996e                _ZN12Adafruit_GFX8endWriteEv
 .text._ZN12Adafruit_GFX13drawFastVLineEiiij
                0x00009970       0x72 C:\Users\Vitor\Documents\Atmel Studio\7.0\ArduinoSketch4\ArduinoSketch4\ArduinoCore\Debug\libArduinoCore.a(Adafruit_GFX.o)
                0x00009970                _ZN12Adafruit_GFX13drawFastVLineEiiij
 .text._ZN12Adafruit_GFX13drawFastHLineEiiij
                0x000099e2       0x72 C:\Users\Vitor\Documents\Atmel Studio\7.0\ArduinoSketch4\ArduinoSketch4\ArduinoCore\Debug\libArduinoCore.a(Adafruit_GFX.o)
                0x000099e2                _ZN12Adafruit_GFX13drawFastHLineEiiij
 .text._ZN12Adafruit_GFX8fillRectEiiiij
                0x00009a54       0x8a C:\Users\Vitor\Documents\Atmel Studio\7.0\ArduinoSketch4\ArduinoSketch4\ArduinoCore\Debug\libArduinoCore.a(Adafruit_GFX.o)
                0x00009a54                _ZN12Adafruit_GFX8fillRectEiiiij
 .text._ZN12Adafruit_GFX10fillScreenEj
                0x00009ade       0x3a C:\Users\Vitor\Documents\Atmel Studio\7.0\ArduinoSketch4\ArduinoSketch4\ArduinoCore\Debug\libArduinoCore.a(Adafruit_GFX.o)
                0x00009ade                _ZN12Adafruit_GFX10fillScreenEj
 .text._ZN12Adafruit_GFX8drawLineEiiiij
                0x00009b18       0xda C:\Users\Vitor\Documents\Atmel Studio\7.0\ArduinoSketch4\ArduinoSketch4\ArduinoCore\Debug\libArduinoCore.a(Adafruit_GFX.o)
                0x00009b18                _ZN12Adafruit_GFX8drawLineEiiiij
 .text._ZN12Adafruit_GFX8drawRectEiiiij
                0x00009bf2       0xbe C:\Users\Vitor\Documents\Atmel Studio\7.0\ArduinoSketch4\ArduinoSketch4\ArduinoCore\Debug\libArduinoCore.a(Adafruit_GFX.o)
                0x00009bf2                _ZN12Adafruit_GFX8drawRectEiiiij
 .text._ZN12Adafruit_GFX13invertDisplayEb
                0x00009cb0        0x2 C:\Users\Vitor\Documents\Atmel Studio\7.0\ArduinoSketch4\ArduinoSketch4\ArduinoCore\Debug\libArduinoCore.a(Adafruit_GFX.o)
                0x00009cb0                _ZN12Adafruit_GFX13invertDisplayEb
 .text._ZN12Adafruit_GFX11setRotationEh
                0x00009cb2       0x2a C:\Users\Vitor\Documents\Atmel Studio\7.0\ArduinoSketch4\ArduinoSketch4\ArduinoCore\Debug\libArduinoCore.a(Adafruit_GFX.o)
                0x00009cb2                _ZN12Adafruit_GFX11setRotationEh
 .text._ZN12Adafruit_GFXC2Eii
                0x00009cdc       0x42 C:\Users\Vitor\Documents\Atmel Studio\7.0\ArduinoSketch4\ArduinoSketch4\ArduinoCore\Debug\libArduinoCore.a(Adafruit_GFX.o)
                0x00009cdc                _ZN12Adafruit_GFXC2Eii
                0x00009cdc                _ZN12Adafruit_GFXC1Eii
 .text._ZN12Adafruit_GFX10drawBitmapEiiPKhiij
                0x00009d1e      0x13c C:\Users\Vitor\Documents\Atmel Studio\7.0\ArduinoSketch4\ArduinoSketch4\ArduinoCore\Debug\libArduinoCore.a(Adafruit_GFX.o)
                0x00009d1e                _ZN12Adafruit_GFX10drawBitmapEiiPKhiij
 .text._ZN12Adafruit_GFX8drawCharEiihjjh
                0x00009e5a      0x434 C:\Users\Vitor\Documents\Atmel Studio\7.0\ArduinoSketch4\ArduinoSketch4\ArduinoCore\Debug\libArduinoCore.a(Adafruit_GFX.o)
                0x00009e5a                _ZN12Adafruit_GFX8drawCharEiihjjh
 .text._ZN12Adafruit_GFX5writeEh
                0x0000a28e      0x1a8 C:\Users\Vitor\Documents\Atmel Studio\7.0\ArduinoSketch4\ArduinoSketch4\ArduinoCore\Debug\libArduinoCore.a(Adafruit_GFX.o)
                0x0000a28e                _ZN12Adafruit_GFX5writeEh
 .text._ZN12Adafruit_GFX9setCursorEii
                0x0000a436        0xc C:\Users\Vitor\Documents\Atmel Studio\7.0\ArduinoSketch4\ArduinoSketch4\ArduinoCore\Debug\libArduinoCore.a(Adafruit_GFX.o)
                0x0000a436                _ZN12Adafruit_GFX9setCursorEii
 .text._ZN12Adafruit_GFX11setTextSizeEh
                0x0000a442        0xc C:\Users\Vitor\Documents\Atmel Studio\7.0\ArduinoSketch4\ArduinoSketch4\ArduinoCore\Debug\libArduinoCore.a(Adafruit_GFX.o)
                0x0000a442                _ZN12Adafruit_GFX11setTextSizeEh
 .text._ZN12Adafruit_GFX12setTextColorEj
                0x0000a44e        0xc C:\Users\Vitor\Documents\Atmel Studio\7.0\ArduinoSketch4\ArduinoSketch4\ArduinoCore\Debug\libArduinoCore.a(Adafruit_GFX.o)
                0x0000a44e                _ZN12Adafruit_GFX12setTextColorEj
 .text._ZN12Adafruit_GFX12setTextColorEjj
                0x0000a45a        0xc C:\Users\Vitor\Documents\Atmel Studio\7.0\ArduinoSketch4\ArduinoSketch4\ArduinoCore\Debug\libArduinoCore.a(Adafruit_GFX.o)
                0x0000a45a                _ZN12Adafruit_GFX12setTextColorEjj
 .text._ZNK12Adafruit_GFX11getRotationEv
                0x0000a466        0x6 C:\Users\Vitor\Documents\Atmel Studio\7.0\ArduinoSketch4\ArduinoSketch4\ArduinoCore\Debug\libArduinoCore.a(Adafruit_GFX.o)
                0x0000a466                _ZNK12Adafruit_GFX11getRotationEv
 .text._ZNK12Adafruit_GFX5widthEv
                0x0000a46c        0x8 C:\Users\Vitor\Documents\Atmel Studio\7.0\ArduinoSketch4\ArduinoSketch4\ArduinoCore\Debug\libArduinoCore.a(Adafruit_GFX.o)
                0x0000a46c                _ZNK12Adafruit_GFX5widthEv
 .text._ZNK12Adafruit_GFX6heightEv
                0x0000a474        0x8 C:\Users\Vitor\Documents\Atmel Studio\7.0\ArduinoSketch4\ArduinoSketch4\ArduinoCore\Debug\libArduinoCore.a(Adafruit_GFX.o)
                0x0000a474                _ZNK12Adafruit_GFX6heightEv
 .text._ZN6AD59338sendByteEhh
                0x0000a47c       0x3e C:\Users\Vitor\Documents\Atmel Studio\7.0\ArduinoSketch4\ArduinoSketch4\ArduinoCore\Debug\libArduinoCore.a(AD5933.o)
                0x0000a47c                _ZN6AD59338sendByteEhh
 .text._ZN6AD593314setClockSourceEh
                0x0000a4ba       0x16 C:\Users\Vitor\Documents\Atmel Studio\7.0\ArduinoSketch4\ArduinoSketch4\ArduinoCore\Debug\libArduinoCore.a(AD5933.o)
                0x0000a4ba                _ZN6AD593314setClockSourceEh
 .text._ZN6AD593317setStartFrequencyEm
                0x0000a4d0       0x70 C:\Users\Vitor\Documents\Atmel Studio\7.0\ArduinoSketch4\ArduinoSketch4\ArduinoCore\Debug\libArduinoCore.a(AD5933.o)
                0x0000a4d0                _ZN6AD593317setStartFrequencyEm
 .text._ZN6AD593321setIncrementFrequencyEm
                0x0000a540       0x78 C:\Users\Vitor\Documents\Atmel Studio\7.0\ArduinoSketch4\ArduinoSketch4\ArduinoCore\Debug\libArduinoCore.a(AD5933.o)
                0x0000a540                _ZN6AD593321setIncrementFrequencyEm
 .text._ZN6AD593319setNumberIncrementsEj
                0x0000a5b8       0x2a C:\Users\Vitor\Documents\Atmel Studio\7.0\ArduinoSketch4\ArduinoSketch4\ArduinoCore\Debug\libArduinoCore.a(AD5933.o)
                0x0000a5b8                _ZN6AD593319setNumberIncrementsEj
 .text._ZN6AD593316setInternalClockEb
                0x0000a5e2        0xe C:\Users\Vitor\Documents\Atmel Studio\7.0\ArduinoSketch4\ArduinoSketch4\ArduinoCore\Debug\libArduinoCore.a(AD5933.o)
                0x0000a5e2                _ZN6AD593316setInternalClockEb
 .text._ZN6AD59337getByteEhPh
                0x0000a5f0       0x76 C:\Users\Vitor\Documents\Atmel Studio\7.0\ArduinoSketch4\ArduinoSketch4\ArduinoCore\Debug\libArduinoCore.a(AD5933.o)
                0x0000a5f0                _ZN6AD59337getByteEhPh
 .text._ZN6AD593314setControlModeEh
                0x0000a666       0x36 C:\Users\Vitor\Documents\Atmel Studio\7.0\ArduinoSketch4\ArduinoSketch4\ArduinoCore\Debug\libArduinoCore.a(AD5933.o)
                0x0000a666                _ZN6AD593314setControlModeEh
 .text._ZN6AD593312setPowerModeEh
                0x0000a69c       0x1a C:\Users\Vitor\Documents\Atmel Studio\7.0\ArduinoSketch4\ArduinoSketch4\ArduinoCore\Debug\libArduinoCore.a(AD5933.o)
                0x0000a69c                _ZN6AD593312setPowerModeEh
 .text._ZN6AD59335resetEv
                0x0000a6b6       0x2e C:\Users\Vitor\Documents\Atmel Studio\7.0\ArduinoSketch4\ArduinoSketch4\ArduinoCore\Debug\libArduinoCore.a(AD5933.o)
                0x0000a6b6                _ZN6AD59335resetEv
 .text._ZN6AD59338setRangeEh
                0x0000a6e4       0x8e C:\Users\Vitor\Documents\Atmel Studio\7.0\ArduinoSketch4\ArduinoSketch4\ArduinoCore\Debug\libArduinoCore.a(AD5933.o)
                0x0000a6e4                _ZN6AD59338setRangeEh
 .text._ZN6AD593310setPGAGainEh
                0x0000a772       0x46 C:\Users\Vitor\Documents\Atmel Studio\7.0\ArduinoSketch4\ArduinoSketch4\ArduinoCore\Debug\libArduinoCore.a(AD5933.o)
                0x0000a772                _ZN6AD593310setPGAGainEh
 .text._ZN6AD593312readRegisterEh
                0x0000a7b8       0x24 C:\Users\Vitor\Documents\Atmel Studio\7.0\ArduinoSketch4\ArduinoSketch4\ArduinoCore\Debug\libArduinoCore.a(AD5933.o)
                0x0000a7b8                _ZN6AD593312readRegisterEh
 .text._ZN6AD593318readStatusRegisterEv
                0x0000a7dc        0x4 C:\Users\Vitor\Documents\Atmel Studio\7.0\ArduinoSketch4\ArduinoSketch4\ArduinoCore\Debug\libArduinoCore.a(AD5933.o)
                0x0000a7dc                _ZN6AD593318readStatusRegisterEv
 .text._ZN6AD593314getTemperatureEv
                0x0000a7e0       0x74 C:\Users\Vitor\Documents\Atmel Studio\7.0\ArduinoSketch4\ArduinoSketch4\ArduinoCore\Debug\libArduinoCore.a(AD5933.o)
                0x0000a7e0                _ZN6AD593314getTemperatureEv
 .text._ZN6AD593314getComplexDataEPiS0_
                0x0000a854       0xdc C:\Users\Vitor\Documents\Atmel Studio\7.0\ArduinoSketch4\ArduinoSketch4\ArduinoCore\Debug\libArduinoCore.a(AD5933.o)
                0x0000a854                _ZN6AD593314getComplexDataEPiS0_
 .text._ZN6AD593314frequencySweepEPiS0_i
                0x0000a930       0x8a C:\Users\Vitor\Documents\Atmel Studio\7.0\ArduinoSketch4\ArduinoSketch4\ArduinoCore\Debug\libArduinoCore.a(AD5933.o)
                0x0000a930                _ZN6AD593314frequencySweepEPiS0_i
 .text._ZN6AD59339calibrateEPfPdii
                0x0000a9ba      0x2de C:\Users\Vitor\Documents\Atmel Studio\7.0\ArduinoSketch4\ArduinoSketch4\ArduinoCore\Debug\libArduinoCore.a(AD5933.o)
                0x0000a9ba                _ZN6AD59339calibrateEPfPdii
 .text._ZN7TwoWire5writeEi
                0x0000ac98        0xe C:\Users\Vitor\Documents\Atmel Studio\7.0\ArduinoSketch4\ArduinoSketch4\ArduinoCore\Debug\libArduinoCore.a(DS3231.o)
                0x0000ac98                _ZN7TwoWire5writeEi
 .text._ZN6DS3231C2Ev
                0x0000aca6        0x2 C:\Users\Vitor\Documents\Atmel Studio\7.0\ArduinoSketch4\ArduinoSketch4\ArduinoCore\Debug\libArduinoCore.a(DS3231.o)
                0x0000aca6                _ZN6DS3231C1Ev
                0x0000aca6                _ZN6DS3231C2Ev
 .text._ZN6DS32319getSecondEv
                0x0000aca8       0x48 C:\Users\Vitor\Documents\Atmel Studio\7.0\ArduinoSketch4\ArduinoSketch4\ArduinoCore\Debug\libArduinoCore.a(DS3231.o)
                0x0000aca8                _ZN6DS32319getSecondEv
 .text._ZN6DS32319getMinuteEv
                0x0000acf0       0x48 C:\Users\Vitor\Documents\Atmel Studio\7.0\ArduinoSketch4\ArduinoSketch4\ArduinoCore\Debug\libArduinoCore.a(DS3231.o)
                0x0000acf0                _ZN6DS32319getMinuteEv
 .text._ZN6DS32317getHourERbS0_
                0x0000ad38       0x92 C:\Users\Vitor\Documents\Atmel Studio\7.0\ArduinoSketch4\ArduinoSketch4\ArduinoCore\Debug\libArduinoCore.a(DS3231.o)
                0x0000ad38                _ZN6DS32317getHourERbS0_
 .text._ZN6DS32317getDateEv
                0x0000adca       0x48 C:\Users\Vitor\Documents\Atmel Studio\7.0\ArduinoSketch4\ArduinoSketch4\ArduinoCore\Debug\libArduinoCore.a(DS3231.o)
                0x0000adca                _ZN6DS32317getDateEv
 .text._ZN6DS32318getMonthERb
                0x0000ae12       0x62 C:\Users\Vitor\Documents\Atmel Studio\7.0\ArduinoSketch4\ArduinoSketch4\ArduinoCore\Debug\libArduinoCore.a(DS3231.o)
                0x0000ae12                _ZN6DS32318getMonthERb
 .text._ZN6DS32317getYearEv
                0x0000ae74       0x48 C:\Users\Vitor\Documents\Atmel Studio\7.0\ArduinoSketch4\ArduinoSketch4\ArduinoCore\Debug\libArduinoCore.a(DS3231.o)
                0x0000ae74                _ZN6DS32317getYearEv
 .text._ZN6DS323115readControlByteEb
                0x0000aebc       0x48 C:\Users\Vitor\Documents\Atmel Studio\7.0\ArduinoSketch4\ArduinoSketch4\ArduinoCore\Debug\libArduinoCore.a(DS3231.o)
                0x0000aebc                _ZN6DS323115readControlByteEb
 .text._ZN6DS32319setMinuteEh
                0x0000af04       0x3c C:\Users\Vitor\Documents\Atmel Studio\7.0\ArduinoSketch4\ArduinoSketch4\ArduinoCore\Debug\libArduinoCore.a(DS3231.o)
                0x0000af04                _ZN6DS32319setMinuteEh
 .text._ZN6DS32317setHourEh
                0x0000af40       0xa6 C:\Users\Vitor\Documents\Atmel Studio\7.0\ArduinoSketch4\ArduinoSketch4\ArduinoCore\Debug\libArduinoCore.a(DS3231.o)
                0x0000af40                _ZN6DS32317setHourEh
 .text._ZN6DS32317setDateEh
                0x0000afe6       0x3c C:\Users\Vitor\Documents\Atmel Studio\7.0\ArduinoSketch4\ArduinoSketch4\ArduinoCore\Debug\libArduinoCore.a(DS3231.o)
                0x0000afe6                _ZN6DS32317setDateEh
 .text._ZN6DS32318setMonthEh
                0x0000b022       0x3c C:\Users\Vitor\Documents\Atmel Studio\7.0\ArduinoSketch4\ArduinoSketch4\ArduinoCore\Debug\libArduinoCore.a(DS3231.o)
                0x0000b022                _ZN6DS32318setMonthEh
 .text._ZN6DS32317setYearEh
                0x0000b05e       0x3c C:\Users\Vitor\Documents\Atmel Studio\7.0\ArduinoSketch4\ArduinoSketch4\ArduinoCore\Debug\libArduinoCore.a(DS3231.o)
                0x0000b05e                _ZN6DS32317setYearEh
 .text._ZN6DS323116writeControlByteEhb
                0x0000b09a       0x3e C:\Users\Vitor\Documents\Atmel Studio\7.0\ArduinoSketch4\ArduinoSketch4\ArduinoCore\Debug\libArduinoCore.a(DS3231.o)
                0x0000b09a                _ZN6DS323116writeControlByteEhb
 .text._ZN6DS32319setSecondEh
                0x0000b0d8       0x56 C:\Users\Vitor\Documents\Atmel Studio\7.0\ArduinoSketch4\ArduinoSketch4\ArduinoCore\Debug\libArduinoCore.a(DS3231.o)
                0x0000b0d8                _ZN6DS32319setSecondEh
 .text.twi_init
                0x0000b12e       0x3c C:\Users\Vitor\Documents\Atmel Studio\7.0\ArduinoSketch4\ArduinoSketch4\ArduinoCore\Debug\libArduinoCore.a(twi.o)
                0x0000b12e                twi_init
 .text.twi_setFrequency
                0x0000b16a       0x26 C:\Users\Vitor\Documents\Atmel Studio\7.0\ArduinoSketch4\ArduinoSketch4\ArduinoCore\Debug\libArduinoCore.a(twi.o)
                0x0000b16a                twi_setFrequency
 .text.twi_readFrom
                0x0000b190       0x90 C:\Users\Vitor\Documents\Atmel Studio\7.0\ArduinoSketch4\ArduinoSketch4\ArduinoCore\Debug\libArduinoCore.a(twi.o)
                0x0000b190                twi_readFrom
 .text.twi_writeTo
                0x0000b220       0xac C:\Users\Vitor\Documents\Atmel Studio\7.0\ArduinoSketch4\ArduinoSketch4\ArduinoCore\Debug\libArduinoCore.a(twi.o)
                0x0000b220                twi_writeTo
 .text.twi_transmit
                0x0000b2cc       0x50 C:\Users\Vitor\Documents\Atmel Studio\7.0\ArduinoSketch4\ArduinoSketch4\ArduinoCore\Debug\libArduinoCore.a(twi.o)
                0x0000b2cc                twi_transmit
 .text.twi_stop
                0x0000b31c       0x14 C:\Users\Vitor\Documents\Atmel Studio\7.0\ArduinoSketch4\ArduinoSketch4\ArduinoCore\Debug\libArduinoCore.a(twi.o)
                0x0000b31c                twi_stop
 .text.twi_releaseBus
                0x0000b330        0xc C:\Users\Vitor\Documents\Atmel Studio\7.0\ArduinoSketch4\ArduinoSketch4\ArduinoCore\Debug\libArduinoCore.a(twi.o)
                0x0000b330                twi_releaseBus
 .text.__vector_39
                0x0000b33c      0x25c C:\Users\Vitor\Documents\Atmel Studio\7.0\ArduinoSketch4\ArduinoSketch4\ArduinoCore\Debug\libArduinoCore.a(twi.o)
                0x0000b33c                __vector_39
 .text.avr-libc.fplib
                0x0000b598        0xa c:/program files (x86)/atmel/studio/7.0/toolchain/avr8/avr8-gnu-toolchain/bin/../lib/gcc/avr/5.4.0/../../../../avr/lib/avr6\libm.a(addsf3.o)
                0x0000b598                __subsf3
                0x0000b59a                __addsf3
 .text.avr-libc.fplib
                0x0000b5a2       0xc0 c:/program files (x86)/atmel/studio/7.0/toolchain/avr8/avr8-gnu-toolchain/bin/../lib/gcc/avr/5.4.0/../../../../avr/lib/avr6\libm.a(addsf3x.o)
                0x0000b5bc                __addsf3x
 .text.avr-libc.fplib
                0x0000b662       0x74 c:/program files (x86)/atmel/studio/7.0/toolchain/avr8/avr8-gnu-toolchain/bin/../lib/gcc/avr/5.4.0/../../../../avr/lib/avr6\libm.a(atan2.o)
                0x0000b680                atan2
 .text.avr-libc.fplib
                0x0000b6d6       0x50 c:/program files (x86)/atmel/studio/7.0/toolchain/avr8/avr8-gnu-toolchain/bin/../lib/gcc/avr/5.4.0/../../../../avr/lib/avr6\libm.a(atan.o)
                0x0000b6d6                atan
 .text.avr-libc.fplib
                0x0000b726        0x8 c:/program files (x86)/atmel/studio/7.0/toolchain/avr8/avr8-gnu-toolchain/bin/../lib/gcc/avr/5.4.0/../../../../avr/lib/avr6\libm.a(cmpsf2.o)
                0x0000b726                __nesf2
                0x0000b726                __eqsf2
                0x0000b726                __cmpsf2
                0x0000b726                __ltsf2
                0x0000b726                __lesf2
 .text.avr-libc.fplib
                0x0000b72e        0x6 c:/program files (x86)/atmel/studio/7.0/toolchain/avr8/avr8-gnu-toolchain/bin/../lib/gcc/avr/5.4.0/../../../../avr/lib/avr6\libm.a(cos.o)
                0x0000b72e                cos
 .text.avr-libc.fplib
                0x0000b734        0x4 c:/program files (x86)/atmel/studio/7.0/toolchain/avr8/avr8-gnu-toolchain/bin/../lib/gcc/avr/5.4.0/../../../../avr/lib/avr6\libm.a(divsf3.o)
                0x0000b734                __divsf3
 .text.avr-libc.fplib
                0x0000b738       0xcc c:/program files (x86)/atmel/studio/7.0/toolchain/avr8/avr8-gnu-toolchain/bin/../lib/gcc/avr/5.4.0/../../../../avr/lib/avr6\libm.a(divsf3x.o)
                0x0000b74e                __divsf3x
                0x0000b752                __divsf3_pse
 .text.avr-libc.fplib
                0x0000b804        0xa c:/program files (x86)/atmel/studio/7.0/toolchain/avr8/avr8-gnu-toolchain/bin/../lib/gcc/avr/5.4.0/../../../../avr/lib/avr6\libm.a(fixsfsi.o)
                0x0000b804                __fixsfsi
 .text.avr-libc.fplib
                0x0000b80e       0x58 c:/program files (x86)/atmel/studio/7.0/toolchain/avr8/avr8-gnu-toolchain/bin/../lib/gcc/avr/5.4.0/../../../../avr/lib/avr6\libm.a(fixunssfsi.o)
                0x0000b80e                __fixunssfsi
 .text.avr-libc.fplib
                0x0000b866       0x7a c:/program files (x86)/atmel/studio/7.0/toolchain/avr8/avr8-gnu-toolchain/bin/../lib/gcc/avr/5.4.0/../../../../avr/lib/avr6\libm.a(floatsisf.o)
                0x0000b866                __floatunsisf
                0x0000b86a                __floatsisf
 .text.avr-libc.fplib
                0x0000b8e0       0x48 c:/program files (x86)/atmel/studio/7.0/toolchain/avr8/avr8-gnu-toolchain/bin/../lib/gcc/avr/5.4.0/../../../../avr/lib/avr6\libm.a(fp_cmp.o)
                0x0000b8e0                __fp_cmp
 .text.avr-libc.fplib
                0x0000b928        0xc c:/program files (x86)/atmel/studio/7.0/toolchain/avr8/avr8-gnu-toolchain/bin/../lib/gcc/avr/5.4.0/../../../../avr/lib/avr6\libm.a(fp_inf.o)
                0x0000b928                __fp_inf
 .text.avr-libc.fplib
                0x0000b934        0x6 c:/program files (x86)/atmel/studio/7.0/toolchain/avr8/avr8-gnu-toolchain/bin/../lib/gcc/avr/5.4.0/../../../../avr/lib/avr6\libm.a(fp_nan.o)
                0x0000b934                __fp_nan
 .text.avr-libc.fplib
                0x0000b93a       0x4a c:/program files (x86)/atmel/studio/7.0/toolchain/avr8/avr8-gnu-toolchain/bin/../lib/gcc/avr/5.4.0/../../../../avr/lib/avr6\libm.a(fp_powser.o)
                0x0000b93a                __fp_powser
 .text.avr-libc.fplib
                0x0000b984        0xe c:/program files (x86)/atmel/studio/7.0/toolchain/avr8/avr8-gnu-toolchain/bin/../lib/gcc/avr/5.4.0/../../../../avr/lib/avr6\libm.a(fp_pscA.o)
                0x0000b984                __fp_pscA
 .text.avr-libc.fplib
                0x0000b992        0xe c:/program files (x86)/atmel/studio/7.0/toolchain/avr8/avr8-gnu-toolchain/bin/../lib/gcc/avr/5.4.0/../../../../avr/lib/avr6\libm.a(fp_pscB.o)
                0x0000b992                __fp_pscB
 .text.avr-libc.fplib
                0x0000b9a0       0x50 c:/program files (x86)/atmel/studio/7.0/toolchain/avr8/avr8-gnu-toolchain/bin/../lib/gcc/avr/5.4.0/../../../../avr/lib/avr6\libm.a(fp_rempio2.o)
                0x0000b9a2                __fp_rempio2
 .text.avr-libc.fplib
                0x0000b9f0       0x22 c:/program files (x86)/atmel/studio/7.0/toolchain/avr8/avr8-gnu-toolchain/bin/../lib/gcc/avr/5.4.0/../../../../avr/lib/avr6\libm.a(fp_round.o)
                0x0000b9f0                __fp_round
 .text.avr-libc.fplib
                0x0000ba12       0x22 c:/program files (x86)/atmel/studio/7.0/toolchain/avr8/avr8-gnu-toolchain/bin/../lib/gcc/avr/5.4.0/../../../../avr/lib/avr6\libm.a(fp_sinus.o)
                0x0000ba12                __fp_sinus
 .text.avr-libc.fplib
                0x0000ba34       0x44 c:/program files (x86)/atmel/studio/7.0/toolchain/avr8/avr8-gnu-toolchain/bin/../lib/gcc/avr/5.4.0/../../../../avr/lib/avr6\libm.a(fp_split3.o)
                0x0000ba34                __fp_split3
                0x0000ba44                __fp_splitA
 .text.avr-libc.fplib
                0x0000ba78        0xe c:/program files (x86)/atmel/studio/7.0/toolchain/avr8/avr8-gnu-toolchain/bin/../lib/gcc/avr/5.4.0/../../../../avr/lib/avr6\libm.a(fp_zero.o)
                0x0000ba78                __fp_zero
                0x0000ba7a                __fp_szero
 .text.avr-libc.fplib
                0x0000ba86        0x8 c:/program files (x86)/atmel/studio/7.0/toolchain/avr8/avr8-gnu-toolchain/bin/../lib/gcc/avr/5.4.0/../../../../avr/lib/avr6\libm.a(gesf2.o)
                0x0000ba86                __gesf2
                0x0000ba86                __gtsf2
 .text.avr-libc.fplib
                0x0000ba8e        0xe c:/program files (x86)/atmel/studio/7.0/toolchain/avr8/avr8-gnu-toolchain/bin/../lib/gcc/avr/5.4.0/../../../../avr/lib/avr6\libm.a(inverse.o)
                0x0000ba8e                inverse
 .text.avr-libc.fplib
                0x0000ba9c        0x4 c:/program files (x86)/atmel/studio/7.0/toolchain/avr8/avr8-gnu-toolchain/bin/../lib/gcc/avr/5.4.0/../../../../avr/lib/avr6\libm.a(mulsf3.o)
                0x0000ba9c                __mulsf3
 .text.avr-libc.fplib
                0x0000baa0       0xc2 c:/program files (x86)/atmel/studio/7.0/toolchain/avr8/avr8-gnu-toolchain/bin/../lib/gcc/avr/5.4.0/../../../../avr/lib/avr6\libm.a(mulsf3x.o)
                0x0000bab4                __mulsf3x
                0x0000bab8                __mulsf3_pse
 .text.avr-libc.fplib
                0x0000bb62        0xc c:/program files (x86)/atmel/studio/7.0/toolchain/avr8/avr8-gnu-toolchain/bin/../lib/gcc/avr/5.4.0/../../../../avr/lib/avr6\libm.a(sin.o)
                0x0000bb62                sin
 .text.avr-libc.fplib
                0x0000bb6e       0x84 c:/program files (x86)/atmel/studio/7.0/toolchain/avr8/avr8-gnu-toolchain/bin/../lib/gcc/avr/5.4.0/../../../../avr/lib/avr6\libm.a(sqrt.o)
                0x0000bb76                sqrtf
                0x0000bb76                sqrt
 .text.avr-libc.fplib
                0x0000bbf2        0x6 c:/program files (x86)/atmel/studio/7.0/toolchain/avr8/avr8-gnu-toolchain/bin/../lib/gcc/avr/5.4.0/../../../../avr/lib/avr6\libm.a(square.o)
                0x0000bbf2                square
 .text.avr-libc.fplib
                0x0000bbf8        0x8 c:/program files (x86)/atmel/studio/7.0/toolchain/avr8/avr8-gnu-toolchain/bin/../lib/gcc/avr/5.4.0/../../../../avr/lib/avr6\libm.a(unordsf2.o)
                0x0000bbf8                __unordsf2
 .text.avr-libc.fplib
                0x0000bc00       0x1c c:/program files (x86)/atmel/studio/7.0/toolchain/avr8/avr8-gnu-toolchain/bin/../lib/gcc/avr/5.4.0/../../../../avr/lib/avr6\libm.a(fp_mpack.o)
                0x0000bc00                __fp_mpack
                0x0000bc04                __fp_mpack_finite
 .text.avr-libc.fplib
                0x0000bc1c        0xe c:/program files (x86)/atmel/studio/7.0/toolchain/avr8/avr8-gnu-toolchain/bin/../lib/gcc/avr/5.4.0/../../../../avr/lib/avr6\libm.a(fp_norm2.o)
                0x0000bc1c                __fp_norm2
 .text.avr-libc.fplib
                0x0000bc2a       0x22 c:/program files (x86)/atmel/studio/7.0/toolchain/avr8/avr8-gnu-toolchain/bin/../lib/gcc/avr/5.4.0/../../../../avr/lib/avr6\libm.a(fp_powsodd.o)
                0x0000bc2a                __fp_powsodd
 .text.libgcc.mul
                0x0000bc4c       0x1e c:/program files (x86)/atmel/studio/7.0/toolchain/avr8/avr8-gnu-toolchain/bin/../lib/gcc/avr/5.4.0/avr6\libgcc.a(_mulsi3.o)
                0x0000bc4c                __mulsi3
 .text.libgcc.div
                0x0000bc6a       0x18 c:/program files (x86)/atmel/studio/7.0/toolchain/avr8/avr8-gnu-toolchain/bin/../lib/gcc/avr/5.4.0/avr6\libgcc.a(_udivmodqi4.o)
                0x0000bc6a                __udivmodqi4
 .text.libgcc.div
                0x0000bc82       0x26 c:/program files (x86)/atmel/studio/7.0/toolchain/avr8/avr8-gnu-toolchain/bin/../lib/gcc/avr/5.4.0/avr6\libgcc.a(_divmodhi4.o)
                0x0000bc82                _div
                0x0000bc82                __divmodhi4
 .text.libgcc.div
                0x0000bca8       0x44 c:/program files (x86)/atmel/studio/7.0/toolchain/avr8/avr8-gnu-toolchain/bin/../lib/gcc/avr/5.4.0/avr6\libgcc.a(_udivmodsi4.o)
                0x0000bca8                __udivmodsi4
 .text.libgcc.div
                0x0000bcec       0x28 c:/program files (x86)/atmel/studio/7.0/toolchain/avr8/avr8-gnu-toolchain/bin/../lib/gcc/avr/5.4.0/avr6\libgcc.a(_divmodsi4.o)
                0x0000bcec                __divmodsi4
 .text.libgcc.div
                0x0000bd14       0x10 c:/program files (x86)/atmel/studio/7.0/toolchain/avr8/avr8-gnu-toolchain/bin/../lib/gcc/avr/5.4.0/avr6\libgcc.a(_negsi2.o)
                0x0000bd14                __negsi2
 .text.libgcc   0x0000bd24       0x10 c:/program files (x86)/atmel/studio/7.0/toolchain/avr8/avr8-gnu-toolchain/bin/../lib/gcc/avr/5.4.0/avr6\libgcc.a(_tablejump2.o)
                0x0000bd24                __tablejump2__
 .text.libgcc.mul
                0x0000bd34       0x1e c:/program files (x86)/atmel/studio/7.0/toolchain/avr8/avr8-gnu-toolchain/bin/../lib/gcc/avr/5.4.0/avr6\libgcc.a(_umulhisi3.o)
                0x0000bd34                __umulhisi3
 .text.libgcc.mul
                0x0000bd52       0x14 c:/program files (x86)/atmel/studio/7.0/toolchain/avr8/avr8-gnu-toolchain/bin/../lib/gcc/avr/5.4.0/avr6\libgcc.a(_muluhisi3.o)
                0x0000bd52                __muluhisi3
 .text.libgcc.div
                0x0000bd66       0x28 c:/program files (x86)/atmel/studio/7.0/toolchain/avr8/avr8-gnu-toolchain/bin/../lib/gcc/avr/5.4.0/avr6\libgcc.a(_udivmodhi4.o)
                0x0000bd66                __udivmodhi4
 .text.avr-libc
                0x0000bd8e       0x3e c:/program files (x86)/atmel/studio/7.0/toolchain/avr8/avr8-gnu-toolchain/bin/../lib/gcc/avr/5.4.0/../../../../avr/lib/avr6\libc.a(dtostrf.o)
                0x0000bd8e                dtostrf
 .text.avr-libc
                0x0000bdcc      0x242 c:/program files (x86)/atmel/studio/7.0/toolchain/avr8/avr8-gnu-toolchain/bin/../lib/gcc/avr/5.4.0/../../../../avr/lib/avr6\libc.a(malloc.o)
                0x0000bdcc                malloc
                0x0000befc                free
 .text.avr-libc
                0x0000c00e      0x256 c:/program files (x86)/atmel/studio/7.0/toolchain/avr8/avr8-gnu-toolchain/bin/../lib/gcc/avr/5.4.0/../../../../avr/lib/avr6\libc.a(strtol.o)
                0x0000c00e                strtol
 .text.avr-libc
                0x0000c264        0x8 c:/program files (x86)/atmel/studio/7.0/toolchain/avr8/avr8-gnu-toolchain/bin/../lib/gcc/avr/5.4.0/../../../../avr/lib/avr6\libc.a(abort.o)
                0x0000c264                abort
 .text.avr-libc
                0x0000c26c       0x10 c:/program files (x86)/atmel/studio/7.0/toolchain/avr8/avr8-gnu-toolchain/bin/../lib/gcc/avr/5.4.0/../../../../avr/lib/avr6\libc.a(isspace.o)
                0x0000c26c                isspace
 .text.avr-libc
                0x0000c27c       0x16 c:/program files (x86)/atmel/studio/7.0/toolchain/avr8/avr8-gnu-toolchain/bin/../lib/gcc/avr/5.4.0/../../../../avr/lib/avr6\libc.a(strcat.o)
                0x0000c27c                strcat
 .text.avr-libc
                0x0000c292       0x12 c:/program files (x86)/atmel/studio/7.0/toolchain/avr8/avr8-gnu-toolchain/bin/../lib/gcc/avr/5.4.0/../../../../avr/lib/avr6\libc.a(strcmp.o)
                0x0000c292                strcmp
 .text.avr-libc
                0x0000c2a4        0xe c:/program files (x86)/atmel/studio/7.0/toolchain/avr8/avr8-gnu-toolchain/bin/../lib/gcc/avr/5.4.0/../../../../avr/lib/avr6\libc.a(strcpy.o)
                0x0000c2a4                strcpy
 .text.avr-libc
                0x0000c2b2       0x14 c:/program files (x86)/atmel/studio/7.0/toolchain/avr8/avr8-gnu-toolchain/bin/../lib/gcc/avr/5.4.0/../../../../avr/lib/avr6\libc.a(itoa_ncheck.o)
                0x0000c2b2                __itoa_ncheck
 .text.avr-libc
                0x0000c2c6       0x32 c:/program files (x86)/atmel/studio/7.0/toolchain/avr8/avr8-gnu-toolchain/bin/../lib/gcc/avr/5.4.0/../../../../avr/lib/avr6\libc.a(utoa_ncheck.o)
                0x0000c2c6                __utoa_ncheck
                0x0000c2c8                __utoa_common
 .text.avr-libc
                0x0000c2f8       0x78 c:/program files (x86)/atmel/studio/7.0/toolchain/avr8/avr8-gnu-toolchain/bin/../lib/gcc/avr/5.4.0/../../../../avr/lib/avr6\libc.a(snprintf.o)
                0x0000c2f8                snprintf
 .text.avr-libc
                0x0000c370      0x3fa c:/program files (x86)/atmel/studio/7.0/toolchain/avr8/avr8-gnu-toolchain/bin/../lib/gcc/avr/5.4.0/../../../../avr/lib/avr6\libc.a(vfprintf_std.o)
                0x0000c370                vfprintf
 .text.avr-libc
                0x0000c76a      0x2ec c:/program files (x86)/atmel/studio/7.0/toolchain/avr8/avr8-gnu-toolchain/bin/../lib/gcc/avr/5.4.0/../../../../avr/lib/avr6\libc.a(dtoa_prf.o)
                0x0000c76a                dtoa_prf
 .text.avr-libc
                0x0000ca56      0x1b0 c:/program files (x86)/atmel/studio/7.0/toolchain/avr8/avr8-gnu-toolchain/bin/../lib/gcc/avr/5.4.0/../../../../avr/lib/avr6\libc.a(ftoa_engine.o)
                0x0000ca56                __ftoa_engine
 .text.avr-libc
                0x0000cc06        0x6 c:/program files (x86)/atmel/studio/7.0/toolchain/avr8/avr8-gnu-toolchain/bin/../lib/gcc/avr/5.4.0/../../../../avr/lib/avr6\libc.a(cty_isfalse.o)
                0x0000cc06                __ctype_isfalse
                0x0000cc0a                __ctype_istrue
 .text.avr-libc
                0x0000cc0c       0x16 c:/program files (x86)/atmel/studio/7.0/toolchain/avr8/avr8-gnu-toolchain/bin/../lib/gcc/avr/5.4.0/../../../../avr/lib/avr6\libc.a(strnlen_P.o)
                0x0000cc0c                strnlen_P
 .text.avr-libc
                0x0000cc22       0x16 c:/program files (x86)/atmel/studio/7.0/toolchain/avr8/avr8-gnu-toolchain/bin/../lib/gcc/avr/5.4.0/../../../../avr/lib/avr6\libc.a(strnlen.o)
                0x0000cc22                strnlen
 .text.avr-libc
                0x0000cc38       0x20 c:/program files (x86)/atmel/studio/7.0/toolchain/avr8/avr8-gnu-toolchain/bin/../lib/gcc/avr/5.4.0/../../../../avr/lib/avr6\libc.a(strrev.o)
                0x0000cc38                strrev
 .text.avr-libc
                0x0000cc58       0x78 c:/program files (x86)/atmel/studio/7.0/toolchain/avr8/avr8-gnu-toolchain/bin/../lib/gcc/avr/5.4.0/../../../../avr/lib/avr6\libc.a(fputc.o)
                0x0000cc58                fputc
 .text.avr-libc
                0x0000ccd0       0xbc c:/program files (x86)/atmel/studio/7.0/toolchain/avr8/avr8-gnu-toolchain/bin/../lib/gcc/avr/5.4.0/../../../../avr/lib/avr6\libc.a(ultoa_invert.o)
                0x0000ccd0                __ultoa_invert
 .text.avr-libc
                0x0000cd8c       0x10 C:/Program Files (x86)/Atmel/Studio/7.0/Packs/Atmel/ATmega_DFP/1.2.272/gcc/dev/atmega2560/avr6\libatmega2560.a(eerd_byte.o)
                0x0000cd8c                eeprom_read_byte
 .text.avr-libc
                0x0000cd9c       0x1c C:/Program Files (x86)/Atmel/Studio/7.0/Packs/Atmel/ATmega_DFP/1.2.272/gcc/dev/atmega2560/avr6\libatmega2560.a(eewr_byte.o)
                0x0000cd9c                eeprom_write_byte
                0x0000cd9e                eeprom_write_r18
                0x0000cdb8                . = ALIGN (0x2)
 *(.fini9)
 .fini9         0x0000cdb8        0x0 c:/program files (x86)/atmel/studio/7.0/toolchain/avr8/avr8-gnu-toolchain/bin/../lib/gcc/avr/5.4.0/avr6\libgcc.a(_exit.o)
                0x0000cdb8                _exit
                0x0000cdb8                exit
 *(.fini9)
 *(.fini8)
 *(.fini8)
 *(.fini7)
 *(.fini7)
 *(.fini6)
 *(.fini6)
 *(.fini5)
 *(.fini5)
 *(.fini4)
 *(.fini4)
 *(.fini3)
 *(.fini3)
 *(.fini2)
 *(.fini2)
 *(.fini1)
 *(.fini1)
 *(.fini0)
 .fini0         0x0000cdb8        0x4 c:/program files (x86)/atmel/studio/7.0/toolchain/avr8/avr8-gnu-toolchain/bin/../lib/gcc/avr/5.4.0/avr6\libgcc.a(_exit.o)
 *(.fini0)
                0x0000cdbc                _etext = .

.data           0x00800200      0xeb2 load address 0x0000cdbc
                0x00800200                PROVIDE (__data_start, .)
 *(.data)
 .data          0x00800200        0x6 c:/program files (x86)/atmel/studio/7.0/toolchain/avr8/avr8-gnu-toolchain/bin/../lib/gcc/avr/5.4.0/../../../../avr/lib/avr6\libc.a(malloc.o)
                0x00800200                __malloc_heap_end
                0x00800202                __malloc_heap_start
                0x00800204                __malloc_margin
 *(.data*)
 .data._ZZN16Adafruit_SSD130621drawFastVLineInternalEiiijE8postmask
                0x00800206        0x8 C:\Users\Vitor\Documents\Atmel Studio\7.0\ArduinoSketch4\ArduinoSketch4\ArduinoCore\Debug\libArduinoCore.a(Adafruit_SSD1306.o)
                0x00800206                _ZZN16Adafruit_SSD130621drawFastVLineInternalEiiijE8postmask
 .data._ZZN16Adafruit_SSD130621drawFastVLineInternalEiiijE7premask
                0x0080020e        0x8 C:\Users\Vitor\Documents\Atmel Studio\7.0\ArduinoSketch4\ArduinoSketch4\ArduinoCore\Debug\libArduinoCore.a(Adafruit_SSD1306.o)
                0x0080020e                _ZZN16Adafruit_SSD130621drawFastVLineInternalEiiijE7premask
 .data._ZL6buffer
                0x00800216      0x200 C:\Users\Vitor\Documents\Atmel Studio\7.0\ArduinoSketch4\ArduinoSketch4\ArduinoCore\Debug\libArduinoCore.a(Adafruit_SSD1306.o)
 .data._ZZN9red_beryl7relogioEvE7blinker
                0x00800416        0x1 C:\Users\Vitor\Documents\Atmel Studio\7.0\ArduinoSketch4\ArduinoSketch4\ArduinoCore\Debug\libArduinoCore.a(red_beryl.o)
 .data._ZZN9red_beryl9historicoEvE1l
                0x00800417        0x2 C:\Users\Vitor\Documents\Atmel Studio\7.0\ArduinoSketch4\ArduinoSketch4\ArduinoCore\Debug\libArduinoCore.a(red_beryl.o)
 .data._ZZN9red_beryl14menu_historicoEvE6choice
                0x00800419        0x2 C:\Users\Vitor\Documents\Atmel Studio\7.0\ArduinoSketch4\ArduinoSketch4\ArduinoCore\Debug\libArduinoCore.a(red_beryl.o)
 .data._ZZN9red_beryl10menu_avisoEvE6choice
                0x0080041b        0x2 C:\Users\Vitor\Documents\Atmel Studio\7.0\ArduinoSketch4\ArduinoSketch4\ArduinoCore\Debug\libArduinoCore.a(red_beryl.o)
 .data._ZZN9red_beryl10menu_pointEvE6choice
                0x0080041d        0x2 C:\Users\Vitor\Documents\Atmel Studio\7.0\ArduinoSketch4\ArduinoSketch4\ArduinoCore\Debug\libArduinoCore.a(red_beryl.o)
 .data._ZZN9red_beryl10menu_rangeEvE6select
                0x0080041f        0x2 C:\Users\Vitor\Documents\Atmel Studio\7.0\ArduinoSketch4\ArduinoSketch4\ArduinoCore\Debug\libArduinoCore.a(red_beryl.o)
 .data._ZZN9red_beryl10menu_rangeEvE6choice
                0x00800421        0x2 C:\Users\Vitor\Documents\Atmel Studio\7.0\ArduinoSketch4\ArduinoSketch4\ArduinoCore\Debug\libArduinoCore.a(red_beryl.o)
 .data._ZZN9red_beryl11menu_ajusteEvE6select
                0x00800423        0x2 C:\Users\Vitor\Documents\Atmel Studio\7.0\ArduinoSketch4\ArduinoSketch4\ArduinoCore\Debug\libArduinoCore.a(red_beryl.o)
 .data._ZZN9red_beryl11menu_ajusteEvE6choice
                0x00800425        0x2 C:\Users\Vitor\Documents\Atmel Studio\7.0\ArduinoSketch4\ArduinoSketch4\ArduinoCore\Debug\libArduinoCore.a(red_beryl.o)
 .data._ZZN9red_beryl12menu_leituraEvE10frequencia
                0x00800427        0x4 C:\Users\Vitor\Documents\Atmel Studio\7.0\ArduinoSketch4\ArduinoSketch4\ArduinoCore\Debug\libArduinoCore.a(red_beryl.o)
 .data._ZZN9red_beryl12menu_leituraEvE6choice
                0x0080042b        0x2 C:\Users\Vitor\Documents\Atmel Studio\7.0\ArduinoSketch4\ArduinoSketch4\ArduinoCore\Debug\libArduinoCore.a(red_beryl.o)
 .data._ZZN9red_beryl4menuEvE6choice
                0x0080042d        0x2 C:\Users\Vitor\Documents\Atmel Studio\7.0\ArduinoSketch4\ArduinoSketch4\ArduinoCore\Debug\libArduinoCore.a(red_beryl.o)
 .data._ZZN9red_beryl9checarPinEvE5first
                0x0080042f        0x1 C:\Users\Vitor\Documents\Atmel Studio\7.0\ArduinoSketch4\ArduinoSketch4\ArduinoCore\Debug\libArduinoCore.a(red_beryl.o)
 .data.analog_reference
                0x00800430        0x1 C:\Users\Vitor\Documents\Atmel Studio\7.0\ArduinoSketch4\ArduinoSketch4\ArduinoCore\Debug\libArduinoCore.a(wiring_analog.o)
                0x00800430                analog_reference
 *(.gnu.linkonce.d*)
 *(.rodata)
 *(.rodata*)
 .rodata.str1.1
                0x00800431       0x19 Sketch.o
 .rodata._ZTV14HardwareSerial
                0x0080044a       0x12 C:\Users\Vitor\Documents\Atmel Studio\7.0\ArduinoSketch4\ArduinoSketch4\ArduinoCore\Debug\libArduinoCore.a(HardwareSerial.o)
                0x0080044a                _ZTV14HardwareSerial
 .rodata.str1.1
                0x0080045c        0xf C:\Users\Vitor\Documents\Atmel Studio\7.0\ArduinoSketch4\ArduinoSketch4\ArduinoCore\Debug\libArduinoCore.a(Print.o)
 .rodata._ZTV16Adafruit_SSD1306
                0x0080046b       0x2c C:\Users\Vitor\Documents\Atmel Studio\7.0\ArduinoSketch4\ArduinoSketch4\ArduinoCore\Debug\libArduinoCore.a(Adafruit_SSD1306.o)
                0x0080046b                _ZTV16Adafruit_SSD1306
 .rodata.str1.1
                0x00800497      0x492 C:\Users\Vitor\Documents\Atmel Studio\7.0\ArduinoSketch4\ArduinoSketch4\ArduinoCore\Debug\libArduinoCore.a(red_beryl.o)
                                0x4c7 (size before relaxing)
 .rodata.str1.1
                0x00800929      0x27d C:\Users\Vitor\Documents\Atmel Studio\7.0\ArduinoSketch4\ArduinoSketch4\ArduinoCore\Debug\libArduinoCore.a(red_crystal.o)
                                0x286 (size before relaxing)
 .rodata.str1.1
                0x00800ba6      0x402 C:\Users\Vitor\Documents\Atmel Studio\7.0\ArduinoSketch4\ArduinoSketch4\ArduinoCore\Debug\libArduinoCore.a(red_fang.o)
                                0x52a (size before relaxing)
 .rodata.str1.1
                0x00800fa8       0x51 C:\Users\Vitor\Documents\Atmel Studio\7.0\ArduinoSketch4\ArduinoSketch4\ArduinoCore\Debug\libArduinoCore.a(red_quartz.o)
                                 0x59 (size before relaxing)
 .rodata._ZTV7TwoWire
                0x00800ff9       0x12 C:\Users\Vitor\Documents\Atmel Studio\7.0\ArduinoSketch4\ArduinoSketch4\ArduinoCore\Debug\libArduinoCore.a(Wire.o)
                0x00800ff9                _ZTV7TwoWire
 .rodata._ZTV12Adafruit_GFX
                0x0080100b       0x2c C:\Users\Vitor\Documents\Atmel Studio\7.0\ArduinoSketch4\ArduinoSketch4\ArduinoCore\Debug\libArduinoCore.a(Adafruit_GFX.o)
                0x0080100b                _ZTV12Adafruit_GFX
 .rodata.str1.1
                0x00801037       0x7a C:\Users\Vitor\Documents\Atmel Studio\7.0\ArduinoSketch4\ArduinoSketch4\ArduinoCore\Debug\libArduinoCore.a(AD5933.o)
                                 0x7f (size before relaxing)
 *(.gnu.linkonce.r*)
                0x008010b2                . = ALIGN (0x2)
 *fill*         0x008010b1        0x1 
                0x008010b2                _edata = .
                0x008010b2                PROVIDE (__data_end, .)

.bss            0x008010b2      0x535
                0x008010b2                PROVIDE (__bss_start, .)
 *(.bss)
 *(.bss*)
 .bss.fang      0x008010b2        0xc Sketch.o
                0x008010b2                fang
 .bss.rb        0x008010be        0x2 Sketch.o
                0x008010be                rb